2025-03-01T13:02:23.7026470Z Current runner version: '2.322.0'
2025-03-01T13:02:23.7052457Z ##[group]Operating System
2025-03-01T13:02:23.7053331Z Ubuntu
2025-03-01T13:02:23.7054138Z 24.04.2
2025-03-01T13:02:23.7054671Z LTS
2025-03-01T13:02:23.7055212Z ##[endgroup]
2025-03-01T13:02:23.7055796Z ##[group]Runner Image
2025-03-01T13:02:23.7056415Z Image: ubuntu-24.04
2025-03-01T13:02:23.7056989Z Version: 20250223.1.0
2025-03-01T13:02:23.7058064Z Included Software: https://github.com/actions/runner-images/blob/ubuntu24/20250223.1/images/ubuntu/Ubuntu2404-Readme.md
2025-03-01T13:02:23.7059478Z Image Release: https://github.com/actions/runner-images/releases/tag/ubuntu24%2F20250223.1
2025-03-01T13:02:23.7060495Z ##[endgroup]
2025-03-01T13:02:23.7061047Z ##[group]Runner Image Provisioner
2025-03-01T13:02:23.7061661Z 2.0.422.1
2025-03-01T13:02:23.7062203Z ##[endgroup]
2025-03-01T13:02:23.7063343Z ##[group]GITHUB_TOKEN Permissions
2025-03-01T13:02:23.7065968Z Contents: read
2025-03-01T13:02:23.7066532Z Metadata: read
2025-03-01T13:02:23.7067277Z Packages: read
2025-03-01T13:02:23.7067860Z ##[endgroup]
2025-03-01T13:02:23.7070978Z Secret source: Actions
2025-03-01T13:02:23.7072138Z Prepare workflow directory
2025-03-01T13:02:23.7383929Z Prepare all required actions
2025-03-01T13:02:23.7420506Z Getting action download info
2025-03-01T13:02:23.8966300Z Download action repository 'actions/checkout@v3' (SHA:f43a0e5ff2bd294095638e18286ca9a3d1956744)
2025-03-01T13:02:23.9946701Z Download action repository 'peaceiris/actions-hugo@v2' (SHA:16361eb4acea8698b220b76c0d4e84e1fd22c61d)
2025-03-01T13:02:24.2083157Z Download action repository 'actions/setup-node@v3' (SHA:1a4442cacd436585916779262731d5b162bc6ec7)
2025-03-01T13:02:24.3713826Z Complete job name: build-and-test
2025-03-01T13:02:24.4494998Z ##[group]Run actions/checkout@v3
2025-03-01T13:02:24.4495915Z with:
2025-03-01T13:02:24.4496331Z   submodules: true
2025-03-01T13:02:24.4496762Z   fetch-depth: 0
2025-03-01T13:02:24.4497261Z   repository: goetsch-io/goetsch-site
2025-03-01T13:02:24.4498029Z   token: ***
2025-03-01T13:02:24.4498464Z   ssh-strict: true
2025-03-01T13:02:24.4498922Z   persist-credentials: true
2025-03-01T13:02:24.4499658Z   clean: true
2025-03-01T13:02:24.4500104Z   sparse-checkout-cone-mode: true
2025-03-01T13:02:24.4500664Z   fetch-tags: false
2025-03-01T13:02:24.4501329Z   lfs: false
2025-03-01T13:02:24.4501939Z   set-safe-directory: true
2025-03-01T13:02:24.4503125Z ##[endgroup]
2025-03-01T13:02:24.6160450Z Syncing repository: goetsch-io/goetsch-site
2025-03-01T13:02:24.6163452Z ##[group]Getting Git version info
2025-03-01T13:02:24.6165002Z Working directory is '/home/runner/work/goetsch-site/goetsch-site'
2025-03-01T13:02:24.6166891Z [command]/usr/bin/git version
2025-03-01T13:02:24.6227034Z git version 2.48.1
2025-03-01T13:02:24.6258968Z ##[endgroup]
2025-03-01T13:02:24.6278621Z Temporarily overriding HOME='/home/runner/work/_temp/89c52449-2d3f-454f-9170-5388c147859c' before making global git config changes
2025-03-01T13:02:24.6281035Z Adding repository directory to the temporary git global config as a safe directory
2025-03-01T13:02:24.6283155Z [command]/usr/bin/git config --global --add safe.directory /home/runner/work/goetsch-site/goetsch-site
2025-03-01T13:02:24.6318735Z Deleting the contents of '/home/runner/work/goetsch-site/goetsch-site'
2025-03-01T13:02:24.6322547Z ##[group]Initializing the repository
2025-03-01T13:02:24.6326595Z [command]/usr/bin/git init /home/runner/work/goetsch-site/goetsch-site
2025-03-01T13:02:24.6400715Z hint: Using 'master' as the name for the initial branch. This default branch name
2025-03-01T13:02:24.6402166Z hint: is subject to change. To configure the initial branch name to use in all
2025-03-01T13:02:24.6403229Z hint: of your new repositories, which will suppress this warning, call:
2025-03-01T13:02:24.6404139Z hint:
2025-03-01T13:02:24.6404658Z hint: 	git config --global init.defaultBranch <name>
2025-03-01T13:02:24.6405468Z hint:
2025-03-01T13:02:24.6406447Z hint: Names commonly chosen instead of 'master' are 'main', 'trunk' and
2025-03-01T13:02:24.6408307Z hint: 'development'. The just-created branch can be renamed via this command:
2025-03-01T13:02:24.6409658Z hint:
2025-03-01T13:02:24.6410435Z hint: 	git branch -m <name>
2025-03-01T13:02:24.6411926Z Initialized empty Git repository in /home/runner/work/goetsch-site/goetsch-site/.git/
2025-03-01T13:02:24.6418119Z [command]/usr/bin/git remote add origin https://github.com/goetsch-io/goetsch-site
2025-03-01T13:02:24.6453278Z ##[endgroup]
2025-03-01T13:02:24.6454761Z ##[group]Disabling automatic garbage collection
2025-03-01T13:02:24.6456798Z [command]/usr/bin/git config --local gc.auto 0
2025-03-01T13:02:24.6485372Z ##[endgroup]
2025-03-01T13:02:24.6486666Z ##[group]Setting up auth
2025-03-01T13:02:24.6491332Z [command]/usr/bin/git config --local --name-only --get-regexp core\.sshCommand
2025-03-01T13:02:24.6519321Z [command]/usr/bin/git submodule foreach --recursive sh -c "git config --local --name-only --get-regexp 'core\.sshCommand' && git config --local --unset-all 'core.sshCommand' || :"
2025-03-01T13:02:24.6858598Z [command]/usr/bin/git config --local --name-only --get-regexp http\.https\:\/\/github\.com\/\.extraheader
2025-03-01T13:02:24.6885078Z [command]/usr/bin/git submodule foreach --recursive sh -c "git config --local --name-only --get-regexp 'http\.https\:\/\/github\.com\/\.extraheader' && git config --local --unset-all 'http.https://github.com/.extraheader' || :"
2025-03-01T13:02:24.7143543Z [command]/usr/bin/git config --local http.https://github.com/.extraheader AUTHORIZATION: basic ***
2025-03-01T13:02:24.7180362Z ##[endgroup]
2025-03-01T13:02:24.7181837Z ##[group]Fetching the repository
2025-03-01T13:02:24.7190225Z [command]/usr/bin/git -c protocol.version=2 fetch --prune --progress --no-recurse-submodules origin +refs/heads/*:refs/remotes/origin/* +refs/tags/*:refs/tags/*
2025-03-01T13:02:24.9776887Z remote: Enumerating objects: 1510, done.        
2025-03-01T13:02:24.9778895Z remote: Counting objects:   0% (1/1510)        
2025-03-01T13:02:24.9780173Z remote: Counting objects:   1% (16/1510)        
2025-03-01T13:02:24.9781304Z remote: Counting objects:   2% (31/1510)        
2025-03-01T13:02:24.9782078Z remote: Counting objects:   3% (46/1510)        
2025-03-01T13:02:24.9783121Z remote: Counting objects:   4% (61/1510)        
2025-03-01T13:02:24.9784535Z remote: Counting objects:   5% (76/1510)        
2025-03-01T13:02:24.9785626Z remote: Counting objects:   6% (91/1510)        
2025-03-01T13:02:24.9786730Z remote: Counting objects:   7% (106/1510)        
2025-03-01T13:02:24.9787633Z remote: Counting objects:   8% (121/1510)        
2025-03-01T13:02:24.9788246Z remote: Counting objects:   9% (136/1510)        
2025-03-01T13:02:24.9788836Z remote: Counting objects:  10% (151/1510)        
2025-03-01T13:02:24.9789449Z remote: Counting objects:  11% (167/1510)        
2025-03-01T13:02:24.9790034Z remote: Counting objects:  12% (182/1510)        
2025-03-01T13:02:24.9790628Z remote: Counting objects:  13% (197/1510)        
2025-03-01T13:02:24.9791211Z remote: Counting objects:  14% (212/1510)        
2025-03-01T13:02:24.9791795Z remote: Counting objects:  15% (227/1510)        
2025-03-01T13:02:24.9792390Z remote: Counting objects:  16% (242/1510)        
2025-03-01T13:02:24.9792983Z remote: Counting objects:  17% (257/1510)        
2025-03-01T13:02:24.9793753Z remote: Counting objects:  18% (272/1510)        
2025-03-01T13:02:24.9794369Z remote: Counting objects:  19% (287/1510)        
2025-03-01T13:02:24.9795246Z remote: Counting objects:  20% (302/1510)        
2025-03-01T13:02:24.9796147Z remote: Counting objects:  21% (318/1510)        
2025-03-01T13:02:24.9796793Z remote: Counting objects:  22% (333/1510)        
2025-03-01T13:02:24.9797391Z remote: Counting objects:  23% (348/1510)        
2025-03-01T13:02:24.9798015Z remote: Counting objects:  24% (363/1510)        
2025-03-01T13:02:24.9798743Z remote: Counting objects:  25% (378/1510)        
2025-03-01T13:02:24.9799343Z remote: Counting objects:  26% (393/1510)        
2025-03-01T13:02:24.9799937Z remote: Counting objects:  27% (408/1510)        
2025-03-01T13:02:24.9801248Z remote: Counting objects:  28% (423/1510)        
2025-03-01T13:02:24.9802165Z remote: Counting objects:  29% (438/1510)        
2025-03-01T13:02:24.9803153Z remote: Counting objects:  30% (453/1510)        
2025-03-01T13:02:24.9804140Z remote: Counting objects:  31% (469/1510)        
2025-03-01T13:02:24.9804746Z remote: Counting objects:  32% (484/1510)        
2025-03-01T13:02:24.9805332Z remote: Counting objects:  33% (499/1510)        
2025-03-01T13:02:24.9805920Z remote: Counting objects:  34% (514/1510)        
2025-03-01T13:02:24.9806559Z remote: Counting objects:  35% (529/1510)        
2025-03-01T13:02:24.9807166Z remote: Counting objects:  36% (544/1510)        
2025-03-01T13:02:24.9807783Z remote: Counting objects:  37% (559/1510)        
2025-03-01T13:02:24.9808373Z remote: Counting objects:  38% (574/1510)        
2025-03-01T13:02:24.9808954Z remote: Counting objects:  39% (589/1510)        
2025-03-01T13:02:24.9809543Z remote: Counting objects:  40% (604/1510)        
2025-03-01T13:02:24.9810137Z remote: Counting objects:  41% (620/1510)        
2025-03-01T13:02:24.9810712Z remote: Counting objects:  42% (635/1510)        
2025-03-01T13:02:24.9811300Z remote: Counting objects:  43% (650/1510)        
2025-03-01T13:02:24.9811890Z remote: Counting objects:  44% (665/1510)        
2025-03-01T13:02:24.9812472Z remote: Counting objects:  45% (680/1510)        
2025-03-01T13:02:24.9813058Z remote: Counting objects:  46% (695/1510)        
2025-03-01T13:02:24.9813801Z remote: Counting objects:  47% (710/1510)        
2025-03-01T13:02:24.9814405Z remote: Counting objects:  48% (725/1510)        
2025-03-01T13:02:24.9814987Z remote: Counting objects:  49% (740/1510)        
2025-03-01T13:02:24.9815765Z remote: Counting objects:  50% (755/1510)        
2025-03-01T13:02:24.9816363Z remote: Counting objects:  51% (771/1510)        
2025-03-01T13:02:24.9816952Z remote: Counting objects:  52% (786/1510)        
2025-03-01T13:02:24.9817541Z remote: Counting objects:  53% (801/1510)        
2025-03-01T13:02:24.9818127Z remote: Counting objects:  54% (816/1510)        
2025-03-01T13:02:24.9818706Z remote: Counting objects:  55% (831/1510)        
2025-03-01T13:02:24.9819288Z remote: Counting objects:  56% (846/1510)        
2025-03-01T13:02:24.9819873Z remote: Counting objects:  57% (861/1510)        
2025-03-01T13:02:24.9820459Z remote: Counting objects:  58% (876/1510)        
2025-03-01T13:02:24.9821055Z remote: Counting objects:  59% (891/1510)        
2025-03-01T13:02:24.9821634Z remote: Counting objects:  60% (906/1510)        
2025-03-01T13:02:24.9822216Z remote: Counting objects:  61% (922/1510)        
2025-03-01T13:02:24.9822803Z remote: Counting objects:  62% (937/1510)        
2025-03-01T13:02:24.9823381Z remote: Counting objects:  63% (952/1510)        
2025-03-01T13:02:24.9824115Z remote: Counting objects:  64% (967/1510)        
2025-03-01T13:02:24.9824701Z remote: Counting objects:  65% (982/1510)        
2025-03-01T13:02:24.9825278Z remote: Counting objects:  66% (997/1510)        
2025-03-01T13:02:24.9825856Z remote: Counting objects:  67% (1012/1510)        
2025-03-01T13:02:24.9826484Z remote: Counting objects:  68% (1027/1510)        
2025-03-01T13:02:24.9827427Z remote: Counting objects:  69% (1042/1510)        
2025-03-01T13:02:24.9828525Z remote: Counting objects:  70% (1057/1510)        
2025-03-01T13:02:24.9829674Z remote: Counting objects:  71% (1073/1510)        
2025-03-01T13:02:24.9830796Z remote: Counting objects:  72% (1088/1510)        
2025-03-01T13:02:24.9831926Z remote: Counting objects:  73% (1103/1510)        
2025-03-01T13:02:24.9833084Z remote: Counting objects:  74% (1118/1510)        
2025-03-01T13:02:24.9834160Z remote: Counting objects:  75% (1133/1510)        
2025-03-01T13:02:24.9834789Z remote: Counting objects:  76% (1148/1510)        
2025-03-01T13:02:24.9835406Z remote: Counting objects:  77% (1163/1510)        
2025-03-01T13:02:24.9836011Z remote: Counting objects:  78% (1178/1510)        
2025-03-01T13:02:24.9836775Z remote: Counting objects:  79% (1193/1510)        
2025-03-01T13:02:24.9837897Z remote: Counting objects:  80% (1208/1510)        
2025-03-01T13:02:24.9838540Z remote: Counting objects:  81% (1224/1510)        
2025-03-01T13:02:24.9839152Z remote: Counting objects:  82% (1239/1510)        
2025-03-01T13:02:24.9839756Z remote: Counting objects:  83% (1254/1510)        
2025-03-01T13:02:24.9840355Z remote: Counting objects:  84% (1269/1510)        
2025-03-01T13:02:24.9840956Z remote: Counting objects:  85% (1284/1510)        
2025-03-01T13:02:24.9841566Z remote: Counting objects:  86% (1299/1510)        
2025-03-01T13:02:24.9842202Z remote: Counting objects:  87% (1314/1510)        
2025-03-01T13:02:24.9842821Z remote: Counting objects:  88% (1329/1510)        
2025-03-01T13:02:24.9843431Z remote: Counting objects:  89% (1344/1510)        
2025-03-01T13:02:24.9844229Z remote: Counting objects:  90% (1359/1510)        
2025-03-01T13:02:24.9844839Z remote: Counting objects:  91% (1375/1510)        
2025-03-01T13:02:24.9845468Z remote: Counting objects:  92% (1390/1510)        
2025-03-01T13:02:24.9846065Z remote: Counting objects:  93% (1405/1510)        
2025-03-01T13:02:24.9846673Z remote: Counting objects:  94% (1420/1510)        
2025-03-01T13:02:24.9847285Z remote: Counting objects:  95% (1435/1510)        
2025-03-01T13:02:24.9847899Z remote: Counting objects:  96% (1450/1510)        
2025-03-01T13:02:24.9848524Z remote: Counting objects:  97% (1465/1510)        
2025-03-01T13:02:24.9925184Z remote: Counting objects:  98% (1480/1510)        
2025-03-01T13:02:24.9926390Z remote: Counting objects:  99% (1495/1510)        
2025-03-01T13:02:24.9927131Z remote: Counting objects: 100% (1510/1510)        
2025-03-01T13:02:24.9928004Z remote: Counting objects: 100% (1510/1510), done.        
2025-03-01T13:02:24.9928693Z remote: Compressing objects:   0% (1/771)        
2025-03-01T13:02:24.9929306Z remote: Compressing objects:   1% (8/771)        
2025-03-01T13:02:24.9929990Z remote: Compressing objects:   2% (16/771)        
2025-03-01T13:02:24.9930615Z remote: Compressing objects:   3% (24/771)        
2025-03-01T13:02:24.9931209Z remote: Compressing objects:   4% (31/771)        
2025-03-01T13:02:24.9931835Z remote: Compressing objects:   5% (39/771)        
2025-03-01T13:02:24.9932441Z remote: Compressing objects:   6% (47/771)        
2025-03-01T13:02:24.9933048Z remote: Compressing objects:   7% (54/771)        
2025-03-01T13:02:24.9933794Z remote: Compressing objects:   8% (62/771)        
2025-03-01T13:02:24.9934402Z remote: Compressing objects:   9% (70/771)        
2025-03-01T13:02:24.9935006Z remote: Compressing objects:  10% (78/771)        
2025-03-01T13:02:24.9935607Z remote: Compressing objects:  11% (85/771)        
2025-03-01T13:02:24.9936250Z remote: Compressing objects:  12% (93/771)        
2025-03-01T13:02:24.9936880Z remote: Compressing objects:  13% (101/771)        
2025-03-01T13:02:24.9937516Z remote: Compressing objects:  14% (108/771)        
2025-03-01T13:02:24.9938127Z remote: Compressing objects:  15% (116/771)        
2025-03-01T13:02:24.9938735Z remote: Compressing objects:  16% (124/771)        
2025-03-01T13:02:24.9939339Z remote: Compressing objects:  17% (132/771)        
2025-03-01T13:02:24.9939935Z remote: Compressing objects:  18% (139/771)        
2025-03-01T13:02:24.9940528Z remote: Compressing objects:  19% (147/771)        
2025-03-01T13:02:24.9941130Z remote: Compressing objects:  20% (155/771)        
2025-03-01T13:02:24.9941735Z remote: Compressing objects:  21% (162/771)        
2025-03-01T13:02:24.9942338Z remote: Compressing objects:  22% (170/771)        
2025-03-01T13:02:24.9942942Z remote: Compressing objects:  23% (178/771)        
2025-03-01T13:02:24.9943675Z remote: Compressing objects:  24% (186/771)        
2025-03-01T13:02:24.9944287Z remote: Compressing objects:  25% (193/771)        
2025-03-01T13:02:24.9944908Z remote: Compressing objects:  26% (201/771)        
2025-03-01T13:02:24.9945521Z remote: Compressing objects:  27% (209/771)        
2025-03-01T13:02:24.9946126Z remote: Compressing objects:  28% (216/771)        
2025-03-01T13:02:24.9946904Z remote: Compressing objects:  29% (224/771)        
2025-03-01T13:02:24.9947498Z remote: Compressing objects:  30% (232/771)        
2025-03-01T13:02:24.9948100Z remote: Compressing objects:  31% (240/771)        
2025-03-01T13:02:24.9948697Z remote: Compressing objects:  32% (247/771)        
2025-03-01T13:02:24.9949293Z remote: Compressing objects:  33% (255/771)        
2025-03-01T13:02:24.9949891Z remote: Compressing objects:  34% (263/771)        
2025-03-01T13:02:24.9950490Z remote: Compressing objects:  35% (270/771)        
2025-03-01T13:02:24.9951082Z remote: Compressing objects:  36% (278/771)        
2025-03-01T13:02:24.9951676Z remote: Compressing objects:  37% (286/771)        
2025-03-01T13:02:24.9952280Z remote: Compressing objects:  38% (293/771)        
2025-03-01T13:02:24.9952875Z remote: Compressing objects:  39% (301/771)        
2025-03-01T13:02:24.9953476Z remote: Compressing objects:  40% (309/771)        
2025-03-01T13:02:24.9954183Z remote: Compressing objects:  41% (317/771)        
2025-03-01T13:02:24.9954782Z remote: Compressing objects:  42% (324/771)        
2025-03-01T13:02:24.9955381Z remote: Compressing objects:  43% (332/771)        
2025-03-01T13:02:24.9955982Z remote: Compressing objects:  44% (340/771)        
2025-03-01T13:02:24.9956575Z remote: Compressing objects:  45% (347/771)        
2025-03-01T13:02:24.9957171Z remote: Compressing objects:  46% (355/771)        
2025-03-01T13:02:24.9957775Z remote: Compressing objects:  47% (363/771)        
2025-03-01T13:02:24.9958368Z remote: Compressing objects:  48% (371/771)        
2025-03-01T13:02:24.9958963Z remote: Compressing objects:  49% (378/771)        
2025-03-01T13:02:24.9959679Z remote: Compressing objects:  50% (386/771)        
2025-03-01T13:02:24.9960288Z remote: Compressing objects:  51% (394/771)        
2025-03-01T13:02:24.9960879Z remote: Compressing objects:  52% (401/771)        
2025-03-01T13:02:24.9961470Z remote: Compressing objects:  53% (409/771)        
2025-03-01T13:02:24.9962075Z remote: Compressing objects:  54% (417/771)        
2025-03-01T13:02:24.9962672Z remote: Compressing objects:  55% (425/771)        
2025-03-01T13:02:24.9963273Z remote: Compressing objects:  56% (432/771)        
2025-03-01T13:02:24.9964383Z remote: Compressing objects:  57% (440/771)        
2025-03-01T13:02:24.9965005Z remote: Compressing objects:  58% (448/771)        
2025-03-01T13:02:24.9965606Z remote: Compressing objects:  59% (455/771)        
2025-03-01T13:02:24.9966207Z remote: Compressing objects:  60% (463/771)        
2025-03-01T13:02:24.9966801Z remote: Compressing objects:  61% (471/771)        
2025-03-01T13:02:24.9967404Z remote: Compressing objects:  62% (479/771)        
2025-03-01T13:02:24.9968000Z remote: Compressing objects:  63% (486/771)        
2025-03-01T13:02:24.9968593Z remote: Compressing objects:  64% (494/771)        
2025-03-01T13:02:24.9969192Z remote: Compressing objects:  65% (502/771)        
2025-03-01T13:02:24.9969787Z remote: Compressing objects:  66% (509/771)        
2025-03-01T13:02:24.9970391Z remote: Compressing objects:  67% (517/771)        
2025-03-01T13:02:24.9970985Z remote: Compressing objects:  68% (525/771)        
2025-03-01T13:02:24.9971583Z remote: Compressing objects:  69% (532/771)        
2025-03-01T13:02:25.0017814Z remote: Compressing objects:  70% (540/771)        
2025-03-01T13:02:25.0135674Z remote: Compressing objects:  71% (548/771)        
2025-03-01T13:02:25.0166478Z remote: Compressing objects:  72% (556/771)        
2025-03-01T13:02:25.0167557Z remote: Compressing objects:  73% (563/771)        
2025-03-01T13:02:25.0176097Z remote: Compressing objects:  74% (571/771)        
2025-03-01T13:02:25.0179545Z remote: Compressing objects:  75% (579/771)        
2025-03-01T13:02:25.0180423Z remote: Compressing objects:  76% (586/771)        
2025-03-01T13:02:25.0188674Z remote: Compressing objects:  77% (594/771)        
2025-03-01T13:02:25.0197915Z remote: Compressing objects:  78% (602/771)        
2025-03-01T13:02:25.0200517Z remote: Compressing objects:  79% (610/771)        
2025-03-01T13:02:25.0201567Z remote: Compressing objects:  80% (617/771)        
2025-03-01T13:02:25.0202722Z remote: Compressing objects:  81% (625/771)        
2025-03-01T13:02:25.0203949Z remote: Compressing objects:  82% (633/771)        
2025-03-01T13:02:25.0204987Z remote: Compressing objects:  83% (640/771)        
2025-03-01T13:02:25.0206029Z remote: Compressing objects:  84% (648/771)        
2025-03-01T13:02:25.0207036Z remote: Compressing objects:  85% (656/771)        
2025-03-01T13:02:25.0208034Z remote: Compressing objects:  86% (664/771)        
2025-03-01T13:02:25.0209037Z remote: Compressing objects:  87% (671/771)        
2025-03-01T13:02:25.0210058Z remote: Compressing objects:  88% (679/771)        
2025-03-01T13:02:25.0211059Z remote: Compressing objects:  89% (687/771)        
2025-03-01T13:02:25.0212069Z remote: Compressing objects:  90% (694/771)        
2025-03-01T13:02:25.0213082Z remote: Compressing objects:  91% (702/771)        
2025-03-01T13:02:25.0214263Z remote: Compressing objects:  92% (710/771)        
2025-03-01T13:02:25.0215275Z remote: Compressing objects:  93% (718/771)        
2025-03-01T13:02:25.0216278Z remote: Compressing objects:  94% (725/771)        
2025-03-01T13:02:25.0217268Z remote: Compressing objects:  95% (733/771)        
2025-03-01T13:02:25.0218251Z remote: Compressing objects:  96% (741/771)        
2025-03-01T13:02:25.0219238Z remote: Compressing objects:  97% (748/771)        
2025-03-01T13:02:25.0220234Z remote: Compressing objects:  98% (756/771)        
2025-03-01T13:02:25.0221217Z remote: Compressing objects:  99% (764/771)        
2025-03-01T13:02:25.0222418Z remote: Compressing objects: 100% (771/771)        
2025-03-01T13:02:25.0223488Z remote: Compressing objects: 100% (771/771), done.        
2025-03-01T13:02:25.0256092Z Receiving objects:   0% (1/1510)
2025-03-01T13:02:25.0258349Z Receiving objects:   1% (16/1510)
2025-03-01T13:02:25.0260639Z Receiving objects:   2% (31/1510)
2025-03-01T13:02:25.0264419Z Receiving objects:   3% (46/1510)
2025-03-01T13:02:25.0268415Z Receiving objects:   4% (61/1510)
2025-03-01T13:02:25.0269955Z Receiving objects:   5% (76/1510)
2025-03-01T13:02:25.0305985Z Receiving objects:   6% (91/1510)
2025-03-01T13:02:25.0379415Z Receiving objects:   7% (106/1510)
2025-03-01T13:02:25.0380975Z Receiving objects:   8% (121/1510)
2025-03-01T13:02:25.0383369Z Receiving objects:   9% (136/1510)
2025-03-01T13:02:25.0403848Z Receiving objects:  10% (151/1510)
2025-03-01T13:02:25.0429540Z Receiving objects:  11% (167/1510)
2025-03-01T13:02:25.0434082Z Receiving objects:  12% (182/1510)
2025-03-01T13:02:25.0439427Z Receiving objects:  13% (197/1510)
2025-03-01T13:02:25.0441937Z Receiving objects:  14% (212/1510)
2025-03-01T13:02:25.0455721Z Receiving objects:  15% (227/1510)
2025-03-01T13:02:25.0464356Z Receiving objects:  16% (242/1510)
2025-03-01T13:02:25.0506807Z Receiving objects:  17% (257/1510)
2025-03-01T13:02:25.0508831Z Receiving objects:  18% (272/1510)
2025-03-01T13:02:25.0510055Z Receiving objects:  19% (287/1510)
2025-03-01T13:02:25.0511484Z Receiving objects:  20% (302/1510)
2025-03-01T13:02:25.0513048Z Receiving objects:  21% (318/1510)
2025-03-01T13:02:25.0516141Z Receiving objects:  22% (333/1510)
2025-03-01T13:02:25.0517036Z Receiving objects:  23% (348/1510)
2025-03-01T13:02:25.0518385Z Receiving objects:  24% (363/1510)
2025-03-01T13:02:25.0520251Z Receiving objects:  25% (378/1510)
2025-03-01T13:02:25.0521408Z Receiving objects:  26% (393/1510)
2025-03-01T13:02:25.0522019Z Receiving objects:  27% (408/1510)
2025-03-01T13:02:25.0534297Z Receiving objects:  28% (423/1510)
2025-03-01T13:02:25.0535626Z Receiving objects:  29% (438/1510)
2025-03-01T13:02:25.0537695Z Receiving objects:  30% (453/1510)
2025-03-01T13:02:25.0540131Z Receiving objects:  31% (469/1510)
2025-03-01T13:02:25.0541613Z Receiving objects:  32% (484/1510)
2025-03-01T13:02:25.0543039Z Receiving objects:  33% (499/1510)
2025-03-01T13:02:25.0544651Z Receiving objects:  34% (514/1510)
2025-03-01T13:02:25.0561358Z Receiving objects:  35% (529/1510)
2025-03-01T13:02:25.0564001Z Receiving objects:  36% (544/1510)
2025-03-01T13:02:25.0564923Z Receiving objects:  37% (559/1510)
2025-03-01T13:02:25.0568062Z Receiving objects:  38% (574/1510)
2025-03-01T13:02:25.0569026Z Receiving objects:  39% (589/1510)
2025-03-01T13:02:25.0569865Z Receiving objects:  40% (604/1510)
2025-03-01T13:02:25.0572467Z Receiving objects:  41% (620/1510)
2025-03-01T13:02:25.0573381Z Receiving objects:  42% (635/1510)
2025-03-01T13:02:25.0574336Z Receiving objects:  43% (650/1510)
2025-03-01T13:02:25.0574879Z Receiving objects:  44% (665/1510)
2025-03-01T13:02:25.0587500Z Receiving objects:  45% (680/1510)
2025-03-01T13:02:25.0588418Z Receiving objects:  46% (695/1510)
2025-03-01T13:02:25.0589926Z Receiving objects:  47% (710/1510)
2025-03-01T13:02:25.0591339Z Receiving objects:  48% (725/1510)
2025-03-01T13:02:25.0592628Z Receiving objects:  49% (740/1510)
2025-03-01T13:02:25.0594268Z Receiving objects:  50% (755/1510)
2025-03-01T13:02:25.0595599Z Receiving objects:  51% (771/1510)
2025-03-01T13:02:25.0616341Z Receiving objects:  52% (786/1510)
2025-03-01T13:02:25.0618964Z Receiving objects:  53% (801/1510)
2025-03-01T13:02:25.0620106Z Receiving objects:  54% (816/1510)
2025-03-01T13:02:25.0624443Z Receiving objects:  55% (831/1510)
2025-03-01T13:02:25.0631735Z Receiving objects:  56% (846/1510)
2025-03-01T13:02:25.0645122Z Receiving objects:  57% (861/1510)
2025-03-01T13:02:25.0672456Z Receiving objects:  58% (876/1510)
2025-03-01T13:02:25.0680509Z Receiving objects:  59% (891/1510)
2025-03-01T13:02:25.0687435Z Receiving objects:  60% (906/1510)
2025-03-01T13:02:25.0697021Z Receiving objects:  61% (922/1510)
2025-03-01T13:02:25.0728674Z Receiving objects:  62% (937/1510)
2025-03-01T13:02:25.0734199Z Receiving objects:  63% (952/1510)
2025-03-01T13:02:25.0740868Z Receiving objects:  64% (967/1510)
2025-03-01T13:02:25.0751151Z Receiving objects:  65% (982/1510)
2025-03-01T13:02:25.0781420Z Receiving objects:  66% (997/1510)
2025-03-01T13:02:25.0789164Z Receiving objects:  67% (1012/1510)
2025-03-01T13:02:25.0795453Z Receiving objects:  68% (1027/1510)
2025-03-01T13:02:25.0802616Z Receiving objects:  69% (1042/1510)
2025-03-01T13:02:25.0809887Z Receiving objects:  70% (1057/1510)
2025-03-01T13:02:25.0836265Z Receiving objects:  71% (1073/1510)
2025-03-01T13:02:25.0839419Z Receiving objects:  72% (1088/1510)
2025-03-01T13:02:25.0850098Z Receiving objects:  73% (1103/1510)
2025-03-01T13:02:25.0857826Z Receiving objects:  74% (1118/1510)
2025-03-01T13:02:25.0862953Z Receiving objects:  75% (1133/1510)
2025-03-01T13:02:25.0865731Z Receiving objects:  76% (1148/1510)
2025-03-01T13:02:25.0869827Z Receiving objects:  77% (1163/1510)
2025-03-01T13:02:25.0883074Z Receiving objects:  78% (1178/1510)
2025-03-01T13:02:25.0889402Z Receiving objects:  79% (1193/1510)
2025-03-01T13:02:25.0895399Z Receiving objects:  80% (1208/1510)
2025-03-01T13:02:25.0908253Z Receiving objects:  81% (1224/1510)
2025-03-01T13:02:25.0911794Z Receiving objects:  82% (1239/1510)
2025-03-01T13:02:25.0922719Z Receiving objects:  83% (1254/1510)
2025-03-01T13:02:25.0947431Z Receiving objects:  84% (1269/1510)
2025-03-01T13:02:25.0982686Z Receiving objects:  85% (1284/1510)
2025-03-01T13:02:25.0999937Z Receiving objects:  86% (1299/1510)
2025-03-01T13:02:25.1001939Z Receiving objects:  87% (1314/1510)
2025-03-01T13:02:25.1003527Z Receiving objects:  88% (1329/1510)
2025-03-01T13:02:25.1012441Z Receiving objects:  89% (1344/1510)
2025-03-01T13:02:25.1014669Z remote: Total 1510 (delta 775), reused 1432 (delta 697), pack-reused 0 (from 0)        
2025-03-01T13:02:25.1015866Z Receiving objects:  90% (1359/1510)
2025-03-01T13:02:25.1016663Z Receiving objects:  91% (1375/1510)
2025-03-01T13:02:25.1017464Z Receiving objects:  92% (1390/1510)
2025-03-01T13:02:25.1018267Z Receiving objects:  93% (1405/1510)
2025-03-01T13:02:25.1019041Z Receiving objects:  94% (1420/1510)
2025-03-01T13:02:25.1019816Z Receiving objects:  95% (1435/1510)
2025-03-01T13:02:25.1020597Z Receiving objects:  96% (1450/1510)
2025-03-01T13:02:25.1021618Z Receiving objects:  97% (1465/1510)
2025-03-01T13:02:25.1022471Z Receiving objects:  98% (1480/1510)
2025-03-01T13:02:25.1023249Z Receiving objects:  99% (1495/1510)
2025-03-01T13:02:25.1024197Z Receiving objects: 100% (1510/1510)
2025-03-01T13:02:25.1025209Z Receiving objects: 100% (1510/1510), 1.11 MiB | 14.58 MiB/s, done.
2025-03-01T13:02:25.1027072Z Resolving deltas:   0% (0/775)
2025-03-01T13:02:25.1027829Z Resolving deltas:   1% (8/775)
2025-03-01T13:02:25.1028541Z Resolving deltas:   2% (16/775)
2025-03-01T13:02:25.1029314Z Resolving deltas:   3% (24/775)
2025-03-01T13:02:25.1030074Z Resolving deltas:   4% (31/775)
2025-03-01T13:02:25.1032418Z Resolving deltas:   5% (39/775)
2025-03-01T13:02:25.1035121Z Resolving deltas:   6% (47/775)
2025-03-01T13:02:25.1035950Z Resolving deltas:   7% (55/775)
2025-03-01T13:02:25.1037201Z Resolving deltas:   8% (62/775)
2025-03-01T13:02:25.1039865Z Resolving deltas:   9% (70/775)
2025-03-01T13:02:25.1040701Z Resolving deltas:  10% (78/775)
2025-03-01T13:02:25.1041469Z Resolving deltas:  11% (86/775)
2025-03-01T13:02:25.1042933Z Resolving deltas:  12% (93/775)
2025-03-01T13:02:25.1044505Z Resolving deltas:  13% (101/775)
2025-03-01T13:02:25.1051321Z Resolving deltas:  14% (109/775)
2025-03-01T13:02:25.1060459Z Resolving deltas:  15% (117/775)
2025-03-01T13:02:25.1063443Z Resolving deltas:  16% (124/775)
2025-03-01T13:02:25.1064465Z Resolving deltas:  17% (132/775)
2025-03-01T13:02:25.1068694Z Resolving deltas:  18% (140/775)
2025-03-01T13:02:25.1071759Z Resolving deltas:  19% (148/775)
2025-03-01T13:02:25.1072681Z Resolving deltas:  20% (155/775)
2025-03-01T13:02:25.1073518Z Resolving deltas:  21% (163/775)
2025-03-01T13:02:25.1075295Z Resolving deltas:  22% (171/775)
2025-03-01T13:02:25.1076192Z Resolving deltas:  23% (179/775)
2025-03-01T13:02:25.1077053Z Resolving deltas:  24% (186/775)
2025-03-01T13:02:25.1078119Z Resolving deltas:  25% (194/775)
2025-03-01T13:02:25.1078974Z Resolving deltas:  26% (202/775)
2025-03-01T13:02:25.1079787Z Resolving deltas:  27% (210/775)
2025-03-01T13:02:25.1080593Z Resolving deltas:  28% (218/775)
2025-03-01T13:02:25.1081381Z Resolving deltas:  29% (225/775)
2025-03-01T13:02:25.1082515Z Resolving deltas:  30% (233/775)
2025-03-01T13:02:25.1084529Z Resolving deltas:  31% (241/775)
2025-03-01T13:02:25.1085376Z Resolving deltas:  32% (248/775)
2025-03-01T13:02:25.1086182Z Resolving deltas:  33% (256/775)
2025-03-01T13:02:25.1088366Z Resolving deltas:  34% (264/775)
2025-03-01T13:02:25.1089267Z Resolving deltas:  35% (272/775)
2025-03-01T13:02:25.1090146Z Resolving deltas:  36% (279/775)
2025-03-01T13:02:25.1091220Z Resolving deltas:  37% (287/775)
2025-03-01T13:02:25.1092050Z Resolving deltas:  38% (295/775)
2025-03-01T13:02:25.1092854Z Resolving deltas:  39% (303/775)
2025-03-01T13:02:25.1094237Z Resolving deltas:  40% (310/775)
2025-03-01T13:02:25.1096621Z Resolving deltas:  41% (318/775)
2025-03-01T13:02:25.1097479Z Resolving deltas:  42% (326/775)
2025-03-01T13:02:25.1098266Z Resolving deltas:  43% (334/775)
2025-03-01T13:02:25.1099057Z Resolving deltas:  44% (341/775)
2025-03-01T13:02:25.1099848Z Resolving deltas:  45% (350/775)
2025-03-01T13:02:25.1100631Z Resolving deltas:  46% (357/775)
2025-03-01T13:02:25.1105462Z Resolving deltas:  47% (365/775)
2025-03-01T13:02:25.1107247Z Resolving deltas:  48% (372/775)
2025-03-01T13:02:25.1108137Z Resolving deltas:  49% (380/775)
2025-03-01T13:02:25.1109033Z Resolving deltas:  50% (388/775)
2025-03-01T13:02:25.1109928Z Resolving deltas:  51% (396/775)
2025-03-01T13:02:25.1110751Z Resolving deltas:  52% (403/775)
2025-03-01T13:02:25.1111544Z Resolving deltas:  53% (411/775)
2025-03-01T13:02:25.1112346Z Resolving deltas:  54% (419/775)
2025-03-01T13:02:25.1113194Z Resolving deltas:  55% (427/775)
2025-03-01T13:02:25.1114232Z Resolving deltas:  56% (434/775)
2025-03-01T13:02:25.1115024Z Resolving deltas:  57% (442/775)
2025-03-01T13:02:25.1115832Z Resolving deltas:  58% (450/775)
2025-03-01T13:02:25.1116711Z Resolving deltas:  59% (458/775)
2025-03-01T13:02:25.1117919Z Resolving deltas:  60% (465/775)
2025-03-01T13:02:25.1118772Z Resolving deltas:  61% (473/775)
2025-03-01T13:02:25.1119609Z Resolving deltas:  62% (481/775)
2025-03-01T13:02:25.1120405Z Resolving deltas:  63% (489/775)
2025-03-01T13:02:25.1121195Z Resolving deltas:  64% (496/775)
2025-03-01T13:02:25.1122143Z Resolving deltas:  65% (505/775)
2025-03-01T13:02:25.1123013Z Resolving deltas:  66% (512/775)
2025-03-01T13:02:25.1124120Z Resolving deltas:  67% (520/775)
2025-03-01T13:02:25.1124950Z Resolving deltas:  68% (527/775)
2025-03-01T13:02:25.1125786Z Resolving deltas:  69% (535/775)
2025-03-01T13:02:25.1126572Z Resolving deltas:  70% (543/775)
2025-03-01T13:02:25.1127396Z Resolving deltas:  71% (551/775)
2025-03-01T13:02:25.1128191Z Resolving deltas:  72% (558/775)
2025-03-01T13:02:25.1128983Z Resolving deltas:  73% (566/775)
2025-03-01T13:02:25.1129779Z Resolving deltas:  74% (574/775)
2025-03-01T13:02:25.1130577Z Resolving deltas:  75% (582/775)
2025-03-01T13:02:25.1131396Z Resolving deltas:  76% (589/775)
2025-03-01T13:02:25.1132221Z Resolving deltas:  77% (597/775)
2025-03-01T13:02:25.1132982Z Resolving deltas:  78% (605/775)
2025-03-01T13:02:25.1133943Z Resolving deltas:  79% (613/775)
2025-03-01T13:02:25.1134722Z Resolving deltas:  80% (620/775)
2025-03-01T13:02:25.1135503Z Resolving deltas:  81% (628/775)
2025-03-01T13:02:25.1136266Z Resolving deltas:  82% (636/775)
2025-03-01T13:02:25.1137038Z Resolving deltas:  83% (644/775)
2025-03-01T13:02:25.1137831Z Resolving deltas:  84% (651/775)
2025-03-01T13:02:25.1138990Z Resolving deltas:  85% (659/775)
2025-03-01T13:02:25.1139870Z Resolving deltas:  86% (667/775)
2025-03-01T13:02:25.1140694Z Resolving deltas:  87% (675/775)
2025-03-01T13:02:25.1141753Z Resolving deltas:  88% (682/775)
2025-03-01T13:02:25.1142585Z Resolving deltas:  89% (690/775)
2025-03-01T13:02:25.1143393Z Resolving deltas:  90% (698/775)
2025-03-01T13:02:25.1144401Z Resolving deltas:  91% (706/775)
2025-03-01T13:02:25.1146497Z Resolving deltas:  92% (713/775)
2025-03-01T13:02:25.1149852Z Resolving deltas:  93% (721/775)
2025-03-01T13:02:25.1152855Z Resolving deltas:  94% (729/775)
2025-03-01T13:02:25.1157237Z Resolving deltas:  95% (737/775)
2025-03-01T13:02:25.1159585Z Resolving deltas:  96% (744/775)
2025-03-01T13:02:25.1160501Z Resolving deltas:  97% (752/775)
2025-03-01T13:02:25.1161397Z Resolving deltas:  98% (760/775)
2025-03-01T13:02:25.1162986Z Resolving deltas:  99% (768/775)
2025-03-01T13:02:25.1164393Z Resolving deltas: 100% (775/775)
2025-03-01T13:02:25.1165184Z Resolving deltas: 100% (775/775), done.
2025-03-01T13:02:25.1298590Z From https://github.com/goetsch-io/goetsch-site
2025-03-01T13:02:25.1299522Z  * [new branch]      main       -> origin/main
2025-03-01T13:02:25.1334560Z [command]/usr/bin/git branch --list --remote origin/main
2025-03-01T13:02:25.1356031Z   origin/main
2025-03-01T13:02:25.1364123Z [command]/usr/bin/git rev-parse refs/remotes/origin/main
2025-03-01T13:02:25.1383456Z 532991d4d13d952d176514f7642626fe3195edd8
2025-03-01T13:02:25.1389741Z ##[endgroup]
2025-03-01T13:02:25.1390728Z ##[group]Determining the checkout info
2025-03-01T13:02:25.1391846Z ##[endgroup]
2025-03-01T13:02:25.1392493Z ##[group]Checking out the ref
2025-03-01T13:02:25.1394917Z [command]/usr/bin/git checkout --progress --force -B main refs/remotes/origin/main
2025-03-01T13:02:25.2082988Z Switched to a new branch 'main'
2025-03-01T13:02:25.2086919Z branch 'main' set up to track 'origin/main'.
2025-03-01T13:02:25.2094304Z ##[endgroup]
2025-03-01T13:02:25.2095573Z ##[group]Setting up auth for fetching submodules
2025-03-01T13:02:25.2099680Z [command]/usr/bin/git config --global http.https://github.com/.extraheader AUTHORIZATION: basic ***
2025-03-01T13:02:25.2139060Z [command]/usr/bin/git config --global --unset-all url.https://github.com/.insteadOf
2025-03-01T13:02:25.2168948Z [command]/usr/bin/git config --global --add url.https://github.com/.insteadOf git@github.com:
2025-03-01T13:02:25.2200173Z [command]/usr/bin/git config --global --add url.https://github.com/.insteadOf org-151905053@github.com:
2025-03-01T13:02:25.2227082Z ##[endgroup]
2025-03-01T13:02:25.2228636Z ##[group]Fetching submodules
2025-03-01T13:02:25.2230520Z [command]/usr/bin/git submodule sync
2025-03-01T13:02:25.2483319Z [command]/usr/bin/git -c protocol.version=2 submodule update --init --force
2025-03-01T13:02:25.2714864Z [command]/usr/bin/git submodule foreach git config --local gc.auto 0
2025-03-01T13:02:25.2938281Z ##[endgroup]
2025-03-01T13:02:25.2940138Z ##[group]Persisting credentials for submodules
2025-03-01T13:02:25.2944490Z [command]/usr/bin/git submodule foreach --recursive sh -c "git config --local --name-only --get-regexp 'url\.https\:\/\/github\.com\/\.insteadOf' && git config --local --unset-all 'url.https://github.com/.insteadOf' || :"
2025-03-01T13:02:25.3173440Z [command]/usr/bin/git submodule foreach sh -c "git config --local 'http.https://github.com/.extraheader' 'AUTHORIZATION: basic ***' && git config --local --show-origin --name-only --get-regexp remote.origin.url"
2025-03-01T13:02:25.3405689Z [command]/usr/bin/git submodule foreach git config --local --add 'url.https://github.com/.insteadOf' 'git@github.com:'
2025-03-01T13:02:25.3636840Z [command]/usr/bin/git submodule foreach git config --local --add 'url.https://github.com/.insteadOf' 'org-151905053@github.com:'
2025-03-01T13:02:25.3866862Z ##[endgroup]
2025-03-01T13:02:25.3899142Z [command]/usr/bin/git log -1 --format='%H'
2025-03-01T13:02:25.3920646Z '532991d4d13d952d176514f7642626fe3195edd8'
2025-03-01T13:02:25.4143510Z ##[group]Run peaceiris/actions-hugo@v2
2025-03-01T13:02:25.4144900Z with:
2025-03-01T13:02:25.4145737Z   hugo-version: 0.145.0
2025-03-01T13:02:25.4146719Z   extended: true
2025-03-01T13:02:25.4147621Z ##[endgroup]
2025-03-01T13:02:25.4586817Z Hugo version: 0.145.0
2025-03-01T13:02:25.7719053Z [command]/usr/bin/tar xz --warning=no-unknown-keyword --overwrite -C /home/runner/actions_hugo/_temp -f /home/runner/work/_temp/0ea2a75b-8044-47e4-b248-0ff0a96c5a9f
2025-03-01T13:02:26.1196838Z [command]/home/runner/actions_hugo/bin/hugo version
2025-03-01T13:02:26.1625718Z hugo v0.145.0-666444f0a52132f9fec9f71cf25b441cc6a4f355+extended linux/amd64 BuildDate=2025-02-26T15:41:25Z VendorInfo=gohugoio
2025-03-01T13:02:26.1812475Z ##[group]Run actions/setup-node@v3
2025-03-01T13:02:26.1812812Z with:
2025-03-01T13:02:26.1813026Z   node-version: 18
2025-03-01T13:02:26.1813254Z   cache: npm
2025-03-01T13:02:26.1813480Z   always-auth: false
2025-03-01T13:02:26.1813967Z   check-latest: false
2025-03-01T13:02:26.1814337Z   token: ***
2025-03-01T13:02:26.1814554Z ##[endgroup]
2025-03-01T13:02:26.3644838Z Found in cache @ /opt/hostedtoolcache/node/18.20.7/x64
2025-03-01T13:02:26.3650930Z ##[group]Environment details
2025-03-01T13:02:26.7215180Z node: v18.20.7
2025-03-01T13:02:26.7215925Z npm: 10.8.2
2025-03-01T13:02:26.7216545Z yarn: 1.22.22
2025-03-01T13:02:26.7217311Z ##[endgroup]
2025-03-01T13:02:26.7229067Z [command]/opt/hostedtoolcache/node/18.20.7/x64/bin/npm config get cache
2025-03-01T13:02:26.8646057Z /home/runner/.npm
2025-03-01T13:02:27.0057904Z npm cache is not found
2025-03-01T13:02:27.0164133Z ##[group]Run npm ci
2025-03-01T13:02:27.0164448Z [36;1mnpm ci[0m
2025-03-01T13:02:27.0216298Z shell: /usr/bin/bash -e {0}
2025-03-01T13:02:27.0216563Z ##[endgroup]
2025-03-01T13:02:31.2309927Z 
2025-03-01T13:02:31.2330442Z added 161 packages, and audited 162 packages in 4s
2025-03-01T13:02:31.2335736Z 
2025-03-01T13:02:31.2336263Z 35 packages are looking for funding
2025-03-01T13:02:31.2336783Z   run `npm fund` for details
2025-03-01T13:02:31.2337051Z 
2025-03-01T13:02:31.2337242Z found 0 vulnerabilities
2025-03-01T13:02:31.2537113Z ##[group]Run npm run build
2025-03-01T13:02:31.2537411Z [36;1mnpm run build[0m
2025-03-01T13:02:31.2591259Z shell: /usr/bin/bash -e {0}
2025-03-01T13:02:31.2591511Z ##[endgroup]
2025-03-01T13:02:31.3931615Z 
2025-03-01T13:02:31.3932324Z > goetsch-site@1.0.0 build
2025-03-01T13:02:31.3932875Z > ./build.sh
2025-03-01T13:02:31.3933130Z 
2025-03-01T13:02:31.4000870Z Installing dependencies...
2025-03-01T13:02:34.3798862Z 
2025-03-01T13:02:34.3800231Z added 161 packages, and audited 162 packages in 3s
2025-03-01T13:02:34.3800720Z 
2025-03-01T13:02:34.3800992Z 35 packages are looking for funding
2025-03-01T13:02:34.3801453Z   run `npm fund` for details
2025-03-01T13:02:34.3810233Z 
2025-03-01T13:02:34.3810471Z found 0 vulnerabilities
2025-03-01T13:02:34.4005304Z Building Tailwind CSS...
2025-03-01T13:02:38.9293326Z 
2025-03-01T13:02:38.9297974Z Done in 3670ms.
2025-03-01T13:02:38.9677294Z Building Hugo site...
2025-03-01T13:02:38.9951614Z Start building sites … 
2025-03-01T13:02:38.9952984Z hugo v0.145.0-666444f0a52132f9fec9f71cf25b441cc6a4f355+extended linux/amd64 BuildDate=2025-02-26T15:41:25Z VendorInfo=gohugoio
2025-03-01T13:02:38.9953994Z 
2025-03-01T13:02:39.0138523Z 
2025-03-01T13:02:39.0138943Z                    | EN  
2025-03-01T13:02:39.0139465Z -------------------+-----
2025-03-01T13:02:39.0139871Z   Pages            | 15  
2025-03-01T13:02:39.0140230Z   Paginator pages  |  0  
2025-03-01T13:02:39.0140586Z   Non-page files   |  0  
2025-03-01T13:02:39.0140968Z   Static files     |  2  
2025-03-01T13:02:39.0141313Z   Processed images |  0  
2025-03-01T13:02:39.0141658Z   Aliases          |  0  
2025-03-01T13:02:39.0141980Z   Cleaned          |  0  
2025-03-01T13:02:39.0142197Z 
2025-03-01T13:02:39.0142339Z Total in 20 ms
2025-03-01T13:02:39.0164985Z Build completed successfully!
2025-03-01T13:02:39.0256894Z ##[group]Run npm audit --production
2025-03-01T13:02:39.0257209Z [36;1mnpm audit --production[0m
2025-03-01T13:02:39.0304924Z shell: /usr/bin/bash -e {0}
2025-03-01T13:02:39.0305173Z ##[endgroup]
2025-03-01T13:02:39.1340706Z npm warn config production Use `--omit=dev` instead.
2025-03-01T13:02:39.5946439Z found 0 vulnerabilities
2025-03-01T13:02:39.6041328Z ##[group]Run echo "Checking for broken links in the built site..."
2025-03-01T13:02:39.6041792Z [36;1mecho "Checking for broken links in the built site..."[0m
2025-03-01T13:02:39.6042181Z [36;1m# You can use a tool like linkinator or htmlproofer here[0m
2025-03-01T13:02:39.6042653Z [36;1m# For example: npx linkinator ./public --recurse --skip "^(?!http://localhost)"[0m
2025-03-01T13:02:39.6091480Z shell: /usr/bin/bash -e {0}
2025-03-01T13:02:39.6091719Z ##[endgroup]
2025-03-01T13:02:39.6159731Z Checking for broken links in the built site...
2025-03-01T13:02:39.6204489Z Post job cleanup.
2025-03-01T13:02:39.7808995Z [command]/usr/bin/tar --posix -cf cache.tzst --exclude cache.tzst -P -C /home/runner/work/goetsch-site/goetsch-site --files-from manifest.txt --use-compress-program zstdmt
2025-03-01T13:02:40.7903400Z Cache Size: ~12 MB (12733881 B)
2025-03-01T13:02:40.9323889Z Cache saved successfully
2025-03-01T13:02:40.9355235Z Cache saved with the key: node-cache-Linux-npm-d17b585c2dc674e04a404c5cbc502cbbd97ef16cb03d31a8c270ff4993928a91
2025-03-01T13:04:51.6444937Z Post job cleanup.
2025-03-01T13:04:51.7164380Z [command]/usr/bin/git version
2025-03-01T13:04:51.7203175Z git version 2.48.1
2025-03-01T13:04:51.7246729Z Temporarily overriding HOME='/home/runner/work/_temp/b0a6a27d-5a7d-465f-a4b3-af71319af26f' before making global git config changes
2025-03-01T13:04:51.7247688Z Adding repository directory to the temporary git global config as a safe directory
2025-03-01T13:04:51.7250358Z [command]/usr/bin/git config --global --add safe.directory /home/runner/work/goetsch-site/goetsch-site
2025-03-01T13:04:51.7282906Z [command]/usr/bin/git config --local --name-only --get-regexp core\.sshCommand
2025-03-01T13:04:51.7312559Z [command]/usr/bin/git submodule foreach --recursive sh -c "git config --local --name-only --get-regexp 'core\.sshCommand' && git config --local --unset-all 'core.sshCommand' || :"
2025-03-01T13:04:51.7545436Z [command]/usr/bin/git config --local --name-only --get-regexp http\.https\:\/\/github\.com\/\.extraheader
2025-03-01T13:04:51.7565443Z http.https://github.com/.extraheader
2025-03-01T13:04:51.7576505Z [command]/usr/bin/git config --local --unset-all http.https://github.com/.extraheader
2025-03-01T13:04:51.7605122Z [command]/usr/bin/git submodule foreach --recursive sh -c "git config --local --name-only --get-regexp 'http\.https\:\/\/github\.com\/\.extraheader' && git config --local --unset-all 'http.https://github.com/.extraheader' || :"
2025-03-01T13:04:51.7950727Z Cleaning up orphan processes
