2025-03-01T11:45:15.1969395Z Current runner version: '2.322.0'
2025-03-01T11:45:15.1993780Z ##[group]Operating System
2025-03-01T11:45:15.1994616Z Ubuntu
2025-03-01T11:45:15.1995405Z 24.04.2
2025-03-01T11:45:15.1996031Z LTS
2025-03-01T11:45:15.1996482Z ##[endgroup]
2025-03-01T11:45:15.1997015Z ##[group]Runner Image
2025-03-01T11:45:15.1997689Z Image: ubuntu-24.04
2025-03-01T11:45:15.1998231Z Version: 20250223.1.0
2025-03-01T11:45:15.1999320Z Included Software: https://github.com/actions/runner-images/blob/ubuntu24/20250223.1/images/ubuntu/Ubuntu2404-Readme.md
2025-03-01T11:45:15.2000727Z Image Release: https://github.com/actions/runner-images/releases/tag/ubuntu24%2F20250223.1
2025-03-01T11:45:15.2001602Z ##[endgroup]
2025-03-01T11:45:15.2002206Z ##[group]Runner Image Provisioner
2025-03-01T11:45:15.2002822Z 2.0.422.1
2025-03-01T11:45:15.2003335Z ##[endgroup]
2025-03-01T11:45:15.2004482Z ##[group]GITHUB_TOKEN Permissions
2025-03-01T11:45:15.2006926Z Contents: read
2025-03-01T11:45:15.2007555Z Metadata: read
2025-03-01T11:45:15.2008283Z Packages: read
2025-03-01T11:45:15.2008970Z ##[endgroup]
2025-03-01T11:45:15.2012038Z Secret source: Actions
2025-03-01T11:45:15.2013066Z Prepare workflow directory
2025-03-01T11:45:15.2315834Z Prepare all required actions
2025-03-01T11:45:15.2351560Z Getting action download info
2025-03-01T11:45:15.3849777Z Download action repository 'actions/checkout@v3' (SHA:f43a0e5ff2bd294095638e18286ca9a3d1956744)
2025-03-01T11:45:15.4652336Z Download action repository 'peaceiris/actions-hugo@v2' (SHA:16361eb4acea8698b220b76c0d4e84e1fd22c61d)
2025-03-01T11:45:15.7013293Z Download action repository 'actions/setup-node@v3' (SHA:1a4442cacd436585916779262731d5b162bc6ec7)
2025-03-01T11:45:15.8671447Z Complete job name: build-and-test
2025-03-01T11:45:15.9392789Z ##[group]Run actions/checkout@v3
2025-03-01T11:45:15.9393656Z with:
2025-03-01T11:45:15.9394057Z   submodules: true
2025-03-01T11:45:15.9394484Z   fetch-depth: 0
2025-03-01T11:45:15.9395172Z   repository: goetsch-io/goetsch-site
2025-03-01T11:45:15.9395957Z   token: ***
2025-03-01T11:45:15.9396396Z   ssh-strict: true
2025-03-01T11:45:15.9396838Z   persist-credentials: true
2025-03-01T11:45:15.9397309Z   clean: true
2025-03-01T11:45:15.9397726Z   sparse-checkout-cone-mode: true
2025-03-01T11:45:15.9398233Z   fetch-tags: false
2025-03-01T11:45:15.9398852Z   lfs: false
2025-03-01T11:45:15.9399417Z   set-safe-directory: true
2025-03-01T11:45:15.9400229Z ##[endgroup]
2025-03-01T11:45:16.0864440Z Syncing repository: goetsch-io/goetsch-site
2025-03-01T11:45:16.0867364Z ##[group]Getting Git version info
2025-03-01T11:45:16.0868663Z Working directory is '/home/runner/work/goetsch-site/goetsch-site'
2025-03-01T11:45:16.0870467Z [command]/usr/bin/git version
2025-03-01T11:45:16.0904815Z git version 2.48.1
2025-03-01T11:45:16.0933562Z ##[endgroup]
2025-03-01T11:45:16.0951045Z Temporarily overriding HOME='/home/runner/work/_temp/93c01c11-7231-4f88-ab43-88436d5a87f4' before making global git config changes
2025-03-01T11:45:16.0953448Z Adding repository directory to the temporary git global config as a safe directory
2025-03-01T11:45:16.0955767Z [command]/usr/bin/git config --global --add safe.directory /home/runner/work/goetsch-site/goetsch-site
2025-03-01T11:45:16.0988904Z Deleting the contents of '/home/runner/work/goetsch-site/goetsch-site'
2025-03-01T11:45:16.0992733Z ##[group]Initializing the repository
2025-03-01T11:45:16.0996762Z [command]/usr/bin/git init /home/runner/work/goetsch-site/goetsch-site
2025-03-01T11:45:16.1057067Z hint: Using 'master' as the name for the initial branch. This default branch name
2025-03-01T11:45:16.1058348Z hint: is subject to change. To configure the initial branch name to use in all
2025-03-01T11:45:16.1059272Z hint: of your new repositories, which will suppress this warning, call:
2025-03-01T11:45:16.1059939Z hint:
2025-03-01T11:45:16.1060701Z hint: 	git config --global init.defaultBranch <name>
2025-03-01T11:45:16.1061740Z hint:
2025-03-01T11:45:16.1062397Z hint: Names commonly chosen instead of 'master' are 'main', 'trunk' and
2025-03-01T11:45:16.1064694Z hint: 'development'. The just-created branch can be renamed via this command:
2025-03-01T11:45:16.1066256Z hint:
2025-03-01T11:45:16.1066955Z hint: 	git branch -m <name>
2025-03-01T11:45:16.1068351Z Initialized empty Git repository in /home/runner/work/goetsch-site/goetsch-site/.git/
2025-03-01T11:45:16.1073623Z [command]/usr/bin/git remote add origin https://github.com/goetsch-io/goetsch-site
2025-03-01T11:45:16.1104455Z ##[endgroup]
2025-03-01T11:45:16.1105922Z ##[group]Disabling automatic garbage collection
2025-03-01T11:45:16.1107896Z [command]/usr/bin/git config --local gc.auto 0
2025-03-01T11:45:16.1135451Z ##[endgroup]
2025-03-01T11:45:16.1136769Z ##[group]Setting up auth
2025-03-01T11:45:16.1141463Z [command]/usr/bin/git config --local --name-only --get-regexp core\.sshCommand
2025-03-01T11:45:16.1169426Z [command]/usr/bin/git submodule foreach --recursive sh -c "git config --local --name-only --get-regexp 'core\.sshCommand' && git config --local --unset-all 'core.sshCommand' || :"
2025-03-01T11:45:16.1444369Z [command]/usr/bin/git config --local --name-only --get-regexp http\.https\:\/\/github\.com\/\.extraheader
2025-03-01T11:45:16.1472331Z [command]/usr/bin/git submodule foreach --recursive sh -c "git config --local --name-only --get-regexp 'http\.https\:\/\/github\.com\/\.extraheader' && git config --local --unset-all 'http.https://github.com/.extraheader' || :"
2025-03-01T11:45:16.1702533Z [command]/usr/bin/git config --local http.https://github.com/.extraheader AUTHORIZATION: basic ***
2025-03-01T11:45:16.1747913Z ##[endgroup]
2025-03-01T11:45:16.1750292Z ##[group]Fetching the repository
2025-03-01T11:45:16.1760219Z [command]/usr/bin/git -c protocol.version=2 fetch --prune --progress --no-recurse-submodules origin +refs/heads/*:refs/remotes/origin/* +refs/tags/*:refs/tags/*
2025-03-01T11:45:16.4479644Z remote: Enumerating objects: 1370, done.        
2025-03-01T11:45:16.4480854Z remote: Counting objects:   0% (1/1370)        
2025-03-01T11:45:16.4481933Z remote: Counting objects:   1% (14/1370)        
2025-03-01T11:45:16.4483086Z remote: Counting objects:   2% (28/1370)        
2025-03-01T11:45:16.4484214Z remote: Counting objects:   3% (42/1370)        
2025-03-01T11:45:16.4485372Z remote: Counting objects:   4% (55/1370)        
2025-03-01T11:45:16.4486311Z remote: Counting objects:   5% (69/1370)        
2025-03-01T11:45:16.4487390Z remote: Counting objects:   6% (83/1370)        
2025-03-01T11:45:16.4488461Z remote: Counting objects:   7% (96/1370)        
2025-03-01T11:45:16.4489647Z remote: Counting objects:   8% (110/1370)        
2025-03-01T11:45:16.4490820Z remote: Counting objects:   9% (124/1370)        
2025-03-01T11:45:16.4491935Z remote: Counting objects:  10% (137/1370)        
2025-03-01T11:45:16.4492948Z remote: Counting objects:  11% (151/1370)        
2025-03-01T11:45:16.4493947Z remote: Counting objects:  12% (165/1370)        
2025-03-01T11:45:16.4495160Z remote: Counting objects:  13% (179/1370)        
2025-03-01T11:45:16.4496187Z remote: Counting objects:  14% (192/1370)        
2025-03-01T11:45:16.4497185Z remote: Counting objects:  15% (206/1370)        
2025-03-01T11:45:16.4498055Z remote: Counting objects:  16% (220/1370)        
2025-03-01T11:45:16.4499033Z remote: Counting objects:  17% (233/1370)        
2025-03-01T11:45:16.4500064Z remote: Counting objects:  18% (247/1370)        
2025-03-01T11:45:16.4501132Z remote: Counting objects:  19% (261/1370)        
2025-03-01T11:45:16.4502210Z remote: Counting objects:  20% (274/1370)        
2025-03-01T11:45:16.4503251Z remote: Counting objects:  21% (288/1370)        
2025-03-01T11:45:16.4504325Z remote: Counting objects:  22% (302/1370)        
2025-03-01T11:45:16.4505587Z remote: Counting objects:  23% (316/1370)        
2025-03-01T11:45:16.4506660Z remote: Counting objects:  24% (329/1370)        
2025-03-01T11:45:16.4507711Z remote: Counting objects:  25% (343/1370)        
2025-03-01T11:45:16.4508788Z remote: Counting objects:  26% (357/1370)        
2025-03-01T11:45:16.4509872Z remote: Counting objects:  27% (370/1370)        
2025-03-01T11:45:16.4511401Z remote: Counting objects:  28% (384/1370)        
2025-03-01T11:45:16.4512501Z remote: Counting objects:  29% (398/1370)        
2025-03-01T11:45:16.4513580Z remote: Counting objects:  30% (411/1370)        
2025-03-01T11:45:16.4514658Z remote: Counting objects:  31% (425/1370)        
2025-03-01T11:45:16.4515895Z remote: Counting objects:  32% (439/1370)        
2025-03-01T11:45:16.4516947Z remote: Counting objects:  33% (453/1370)        
2025-03-01T11:45:16.4517973Z remote: Counting objects:  34% (466/1370)        
2025-03-01T11:45:16.4519014Z remote: Counting objects:  35% (480/1370)        
2025-03-01T11:45:16.4520056Z remote: Counting objects:  36% (494/1370)        
2025-03-01T11:45:16.4521238Z remote: Counting objects:  37% (507/1370)        
2025-03-01T11:45:16.4522382Z remote: Counting objects:  38% (521/1370)        
2025-03-01T11:45:16.4523493Z remote: Counting objects:  39% (535/1370)        
2025-03-01T11:45:16.4524583Z remote: Counting objects:  40% (548/1370)        
2025-03-01T11:45:16.4525910Z remote: Counting objects:  41% (562/1370)        
2025-03-01T11:45:16.4527008Z remote: Counting objects:  42% (576/1370)        
2025-03-01T11:45:16.4528058Z remote: Counting objects:  43% (590/1370)        
2025-03-01T11:45:16.4529101Z remote: Counting objects:  44% (603/1370)        
2025-03-01T11:45:16.4530141Z remote: Counting objects:  45% (617/1370)        
2025-03-01T11:45:16.4531162Z remote: Counting objects:  46% (631/1370)        
2025-03-01T11:45:16.4532194Z remote: Counting objects:  47% (644/1370)        
2025-03-01T11:45:16.4533229Z remote: Counting objects:  48% (658/1370)        
2025-03-01T11:45:16.4534334Z remote: Counting objects:  49% (672/1370)        
2025-03-01T11:45:16.4535980Z remote: Counting objects:  50% (685/1370)        
2025-03-01T11:45:16.4537141Z remote: Counting objects:  51% (699/1370)        
2025-03-01T11:45:16.4538253Z remote: Counting objects:  52% (713/1370)        
2025-03-01T11:45:16.4539309Z remote: Counting objects:  53% (727/1370)        
2025-03-01T11:45:16.4540393Z remote: Counting objects:  54% (740/1370)        
2025-03-01T11:45:16.4541488Z remote: Counting objects:  55% (754/1370)        
2025-03-01T11:45:16.4542553Z remote: Counting objects:  56% (768/1370)        
2025-03-01T11:45:16.4543662Z remote: Counting objects:  57% (781/1370)        
2025-03-01T11:45:16.4544777Z remote: Counting objects:  58% (795/1370)        
2025-03-01T11:45:16.4546150Z remote: Counting objects:  59% (809/1370)        
2025-03-01T11:45:16.4547262Z remote: Counting objects:  60% (822/1370)        
2025-03-01T11:45:16.4548374Z remote: Counting objects:  61% (836/1370)        
2025-03-01T11:45:16.4549485Z remote: Counting objects:  62% (850/1370)        
2025-03-01T11:45:16.4550560Z remote: Counting objects:  63% (864/1370)        
2025-03-01T11:45:16.4551647Z remote: Counting objects:  64% (877/1370)        
2025-03-01T11:45:16.4552754Z remote: Counting objects:  65% (891/1370)        
2025-03-01T11:45:16.4553835Z remote: Counting objects:  66% (905/1370)        
2025-03-01T11:45:16.4555160Z remote: Counting objects:  67% (918/1370)        
2025-03-01T11:45:16.4556240Z remote: Counting objects:  68% (932/1370)        
2025-03-01T11:45:16.4557290Z remote: Counting objects:  69% (946/1370)        
2025-03-01T11:45:16.4558369Z remote: Counting objects:  70% (959/1370)        
2025-03-01T11:45:16.4559511Z remote: Counting objects:  71% (973/1370)        
2025-03-01T11:45:16.4560599Z remote: Counting objects:  72% (987/1370)        
2025-03-01T11:45:16.4561723Z remote: Counting objects:  73% (1001/1370)        
2025-03-01T11:45:16.4562879Z remote: Counting objects:  74% (1014/1370)        
2025-03-01T11:45:16.4563986Z remote: Counting objects:  75% (1028/1370)        
2025-03-01T11:45:16.4565254Z remote: Counting objects:  76% (1042/1370)        
2025-03-01T11:45:16.4566351Z remote: Counting objects:  77% (1055/1370)        
2025-03-01T11:45:16.4567458Z remote: Counting objects:  78% (1069/1370)        
2025-03-01T11:45:16.4568535Z remote: Counting objects:  79% (1083/1370)        
2025-03-01T11:45:16.4569959Z remote: Counting objects:  80% (1096/1370)        
2025-03-01T11:45:16.4571049Z remote: Counting objects:  81% (1110/1370)        
2025-03-01T11:45:16.4572104Z remote: Counting objects:  82% (1124/1370)        
2025-03-01T11:45:16.4573169Z remote: Counting objects:  83% (1138/1370)        
2025-03-01T11:45:16.4574215Z remote: Counting objects:  84% (1151/1370)        
2025-03-01T11:45:16.4575484Z remote: Counting objects:  85% (1165/1370)        
2025-03-01T11:45:16.4576592Z remote: Counting objects:  86% (1179/1370)        
2025-03-01T11:45:16.4577635Z remote: Counting objects:  87% (1192/1370)        
2025-03-01T11:45:16.4578710Z remote: Counting objects:  88% (1206/1370)        
2025-03-01T11:45:16.4579777Z remote: Counting objects:  89% (1220/1370)        
2025-03-01T11:45:16.4580895Z remote: Counting objects:  90% (1233/1370)        
2025-03-01T11:45:16.4581969Z remote: Counting objects:  91% (1247/1370)        
2025-03-01T11:45:16.4583025Z remote: Counting objects:  92% (1261/1370)        
2025-03-01T11:45:16.4584108Z remote: Counting objects:  93% (1275/1370)        
2025-03-01T11:45:16.4585350Z remote: Counting objects:  94% (1288/1370)        
2025-03-01T11:45:16.4674006Z remote: Counting objects:  95% (1302/1370)        
2025-03-01T11:45:16.4675555Z remote: Counting objects:  96% (1316/1370)        
2025-03-01T11:45:16.4676568Z remote: Counting objects:  97% (1329/1370)        
2025-03-01T11:45:16.4677238Z remote: Counting objects:  98% (1343/1370)        
2025-03-01T11:45:16.4677843Z remote: Counting objects:  99% (1357/1370)        
2025-03-01T11:45:16.4678436Z remote: Counting objects: 100% (1370/1370)        
2025-03-01T11:45:16.4679339Z remote: Counting objects: 100% (1370/1370), done.        
2025-03-01T11:45:16.4680032Z remote: Compressing objects:   0% (1/681)        
2025-03-01T11:45:16.4680647Z remote: Compressing objects:   1% (7/681)        
2025-03-01T11:45:16.4681348Z remote: Compressing objects:   2% (14/681)        
2025-03-01T11:45:16.4681967Z remote: Compressing objects:   3% (21/681)        
2025-03-01T11:45:16.4682572Z remote: Compressing objects:   4% (28/681)        
2025-03-01T11:45:16.4683176Z remote: Compressing objects:   5% (35/681)        
2025-03-01T11:45:16.4683769Z remote: Compressing objects:   6% (41/681)        
2025-03-01T11:45:16.4684360Z remote: Compressing objects:   7% (48/681)        
2025-03-01T11:45:16.4685207Z remote: Compressing objects:   8% (55/681)        
2025-03-01T11:45:16.4685846Z remote: Compressing objects:   9% (62/681)        
2025-03-01T11:45:16.4686448Z remote: Compressing objects:  10% (69/681)        
2025-03-01T11:45:16.4687048Z remote: Compressing objects:  11% (75/681)        
2025-03-01T11:45:16.4687692Z remote: Compressing objects:  12% (82/681)        
2025-03-01T11:45:16.4688312Z remote: Compressing objects:  13% (89/681)        
2025-03-01T11:45:16.4688903Z remote: Compressing objects:  14% (96/681)        
2025-03-01T11:45:16.4689508Z remote: Compressing objects:  15% (103/681)        
2025-03-01T11:45:16.4690121Z remote: Compressing objects:  16% (109/681)        
2025-03-01T11:45:16.4690728Z remote: Compressing objects:  17% (116/681)        
2025-03-01T11:45:16.4691500Z remote: Compressing objects:  18% (123/681)        
2025-03-01T11:45:16.4692565Z remote: Compressing objects:  19% (130/681)        
2025-03-01T11:45:16.4693191Z remote: Compressing objects:  20% (137/681)        
2025-03-01T11:45:16.4693794Z remote: Compressing objects:  21% (144/681)        
2025-03-01T11:45:16.4694399Z remote: Compressing objects:  22% (150/681)        
2025-03-01T11:45:16.4695190Z remote: Compressing objects:  23% (157/681)        
2025-03-01T11:45:16.4695822Z remote: Compressing objects:  24% (164/681)        
2025-03-01T11:45:16.4696422Z remote: Compressing objects:  25% (171/681)        
2025-03-01T11:45:16.4697024Z remote: Compressing objects:  26% (178/681)        
2025-03-01T11:45:16.4697698Z remote: Compressing objects:  27% (184/681)        
2025-03-01T11:45:16.4698776Z remote: Compressing objects:  28% (191/681)        
2025-03-01T11:45:16.4699610Z remote: Compressing objects:  29% (198/681)        
2025-03-01T11:45:16.4700209Z remote: Compressing objects:  30% (205/681)        
2025-03-01T11:45:16.4700817Z remote: Compressing objects:  31% (212/681)        
2025-03-01T11:45:16.4701411Z remote: Compressing objects:  32% (218/681)        
2025-03-01T11:45:16.4702478Z remote: Compressing objects:  33% (225/681)        
2025-03-01T11:45:16.4703125Z remote: Compressing objects:  34% (232/681)        
2025-03-01T11:45:16.4703720Z remote: Compressing objects:  35% (239/681)        
2025-03-01T11:45:16.4704317Z remote: Compressing objects:  36% (246/681)        
2025-03-01T11:45:16.4705183Z remote: Compressing objects:  37% (252/681)        
2025-03-01T11:45:16.4706285Z remote: Compressing objects:  38% (259/681)        
2025-03-01T11:45:16.4706936Z remote: Compressing objects:  39% (266/681)        
2025-03-01T11:45:16.4707538Z remote: Compressing objects:  40% (273/681)        
2025-03-01T11:45:16.4708153Z remote: Compressing objects:  41% (280/681)        
2025-03-01T11:45:16.4708756Z remote: Compressing objects:  42% (287/681)        
2025-03-01T11:45:16.4709355Z remote: Compressing objects:  43% (293/681)        
2025-03-01T11:45:16.4709970Z remote: Compressing objects:  44% (300/681)        
2025-03-01T11:45:16.4710571Z remote: Compressing objects:  45% (307/681)        
2025-03-01T11:45:16.4711192Z remote: Compressing objects:  46% (314/681)        
2025-03-01T11:45:16.4712282Z remote: Compressing objects:  47% (321/681)        
2025-03-01T11:45:16.4713120Z remote: Compressing objects:  48% (327/681)        
2025-03-01T11:45:16.4714351Z remote: Compressing objects:  49% (334/681)        
2025-03-01T11:45:16.4715535Z remote: Compressing objects:  50% (341/681)        
2025-03-01T11:45:16.4716618Z remote: Compressing objects:  51% (348/681)        
2025-03-01T11:45:16.4717334Z remote: Compressing objects:  52% (355/681)        
2025-03-01T11:45:16.4717942Z remote: Compressing objects:  53% (361/681)        
2025-03-01T11:45:16.4718627Z remote: Compressing objects:  54% (368/681)        
2025-03-01T11:45:16.4719642Z remote: Compressing objects:  55% (375/681)        
2025-03-01T11:45:16.4720322Z remote: Compressing objects:  56% (382/681)        
2025-03-01T11:45:16.4720932Z remote: Compressing objects:  57% (389/681)        
2025-03-01T11:45:16.4721535Z remote: Compressing objects:  58% (395/681)        
2025-03-01T11:45:16.4722145Z remote: Compressing objects:  59% (402/681)        
2025-03-01T11:45:16.4722737Z remote: Compressing objects:  60% (409/681)        
2025-03-01T11:45:16.4723419Z remote: Compressing objects:  61% (416/681)        
2025-03-01T11:45:16.4724352Z remote: Compressing objects:  62% (423/681)        
2025-03-01T11:45:16.4725640Z remote: Compressing objects:  63% (430/681)        
2025-03-01T11:45:16.4726284Z remote: Compressing objects:  64% (436/681)        
2025-03-01T11:45:16.4726889Z remote: Compressing objects:  65% (443/681)        
2025-03-01T11:45:16.4727493Z remote: Compressing objects:  66% (450/681)        
2025-03-01T11:45:16.4728104Z remote: Compressing objects:  67% (457/681)        
2025-03-01T11:45:16.4728691Z remote: Compressing objects:  68% (464/681)        
2025-03-01T11:45:16.4729289Z remote: Compressing objects:  69% (470/681)        
2025-03-01T11:45:16.4729880Z remote: Compressing objects:  70% (477/681)        
2025-03-01T11:45:16.4730480Z remote: Compressing objects:  71% (484/681)        
2025-03-01T11:45:16.4731079Z remote: Compressing objects:  72% (491/681)        
2025-03-01T11:45:16.4731670Z remote: Compressing objects:  73% (498/681)        
2025-03-01T11:45:16.4732272Z remote: Compressing objects:  74% (504/681)        
2025-03-01T11:45:16.4732872Z remote: Compressing objects:  75% (511/681)        
2025-03-01T11:45:16.4733470Z remote: Compressing objects:  76% (518/681)        
2025-03-01T11:45:16.4734070Z remote: Compressing objects:  77% (525/681)        
2025-03-01T11:45:16.4734667Z remote: Compressing objects:  78% (532/681)        
2025-03-01T11:45:16.4735559Z remote: Compressing objects:  79% (538/681)        
2025-03-01T11:45:16.4736172Z remote: Compressing objects:  80% (545/681)        
2025-03-01T11:45:16.4736775Z remote: Compressing objects:  81% (552/681)        
2025-03-01T11:45:16.4737376Z remote: Compressing objects:  82% (559/681)        
2025-03-01T11:45:16.4737983Z remote: Compressing objects:  83% (566/681)        
2025-03-01T11:45:16.4738581Z remote: Compressing objects:  84% (573/681)        
2025-03-01T11:45:16.4739184Z remote: Compressing objects:  85% (579/681)        
2025-03-01T11:45:16.4739790Z remote: Compressing objects:  86% (586/681)        
2025-03-01T11:45:16.4740402Z remote: Compressing objects:  87% (593/681)        
2025-03-01T11:45:16.4741008Z remote: Compressing objects:  88% (600/681)        
2025-03-01T11:45:16.4741611Z remote: Compressing objects:  89% (607/681)        
2025-03-01T11:45:16.4742243Z remote: Compressing objects:  90% (613/681)        
2025-03-01T11:45:16.4742841Z remote: Compressing objects:  91% (620/681)        
2025-03-01T11:45:16.4743440Z remote: Compressing objects:  92% (627/681)        
2025-03-01T11:45:16.4744037Z remote: Compressing objects:  93% (634/681)        
2025-03-01T11:45:16.4744630Z remote: Compressing objects:  94% (641/681)        
2025-03-01T11:45:16.4745641Z remote: Compressing objects:  95% (647/681)        
2025-03-01T11:45:16.4746310Z remote: Compressing objects:  96% (654/681)        
2025-03-01T11:45:16.4746915Z remote: Compressing objects:  97% (661/681)        
2025-03-01T11:45:16.4747514Z remote: Compressing objects:  98% (668/681)        
2025-03-01T11:45:16.4748126Z remote: Compressing objects:  99% (675/681)        
2025-03-01T11:45:16.4748876Z remote: Compressing objects: 100% (681/681)        
2025-03-01T11:45:16.4749553Z remote: Compressing objects: 100% (681/681), done.        
2025-03-01T11:45:16.4750172Z Receiving objects:   0% (1/1370)
2025-03-01T11:45:16.4750664Z Receiving objects:   1% (14/1370)
2025-03-01T11:45:16.4751160Z Receiving objects:   2% (28/1370)
2025-03-01T11:45:16.4751837Z Receiving objects:   3% (42/1370)
2025-03-01T11:45:16.4752607Z Receiving objects:   4% (55/1370)
2025-03-01T11:45:16.4753107Z Receiving objects:   5% (69/1370)
2025-03-01T11:45:16.4753823Z Receiving objects:   6% (83/1370)
2025-03-01T11:45:16.4754631Z Receiving objects:   7% (96/1370)
2025-03-01T11:45:16.4755589Z Receiving objects:   8% (110/1370)
2025-03-01T11:45:16.4756393Z Receiving objects:   9% (124/1370)
2025-03-01T11:45:16.4757171Z Receiving objects:  10% (137/1370)
2025-03-01T11:45:16.4762119Z Receiving objects:  11% (151/1370)
2025-03-01T11:45:16.4780121Z Receiving objects:  12% (165/1370)
2025-03-01T11:45:16.4809209Z Receiving objects:  13% (179/1370)
2025-03-01T11:45:16.4824086Z Receiving objects:  14% (192/1370)
2025-03-01T11:45:16.4855314Z Receiving objects:  15% (206/1370)
2025-03-01T11:45:16.4856958Z Receiving objects:  16% (220/1370)
2025-03-01T11:45:16.4862475Z Receiving objects:  17% (233/1370)
2025-03-01T11:45:16.4863663Z Receiving objects:  18% (247/1370)
2025-03-01T11:45:16.4870066Z Receiving objects:  19% (261/1370)
2025-03-01T11:45:16.4871664Z Receiving objects:  20% (274/1370)
2025-03-01T11:45:16.4872785Z Receiving objects:  21% (288/1370)
2025-03-01T11:45:16.4873796Z Receiving objects:  22% (302/1370)
2025-03-01T11:45:16.4876930Z Receiving objects:  23% (316/1370)
2025-03-01T11:45:16.4878036Z Receiving objects:  24% (329/1370)
2025-03-01T11:45:16.4887661Z Receiving objects:  25% (343/1370)
2025-03-01T11:45:16.4889716Z Receiving objects:  26% (357/1370)
2025-03-01T11:45:16.4909057Z Receiving objects:  27% (370/1370)
2025-03-01T11:45:16.4910246Z Receiving objects:  28% (384/1370)
2025-03-01T11:45:16.4916546Z Receiving objects:  29% (398/1370)
2025-03-01T11:45:16.4918164Z Receiving objects:  30% (411/1370)
2025-03-01T11:45:16.4919082Z Receiving objects:  31% (425/1370)
2025-03-01T11:45:16.4920138Z Receiving objects:  32% (439/1370)
2025-03-01T11:45:16.4925058Z Receiving objects:  33% (453/1370)
2025-03-01T11:45:16.4925905Z Receiving objects:  34% (466/1370)
2025-03-01T11:45:16.4930922Z Receiving objects:  35% (480/1370)
2025-03-01T11:45:16.4931824Z Receiving objects:  36% (494/1370)
2025-03-01T11:45:16.4932656Z Receiving objects:  37% (507/1370)
2025-03-01T11:45:16.4933883Z Receiving objects:  38% (521/1370)
2025-03-01T11:45:16.4935260Z Receiving objects:  39% (535/1370)
2025-03-01T11:45:16.4963540Z Receiving objects:  40% (548/1370)
2025-03-01T11:45:16.4964813Z Receiving objects:  41% (562/1370)
2025-03-01T11:45:16.4966541Z Receiving objects:  42% (576/1370)
2025-03-01T11:45:16.4968445Z Receiving objects:  43% (590/1370)
2025-03-01T11:45:16.4970763Z Receiving objects:  44% (603/1370)
2025-03-01T11:45:16.4972054Z Receiving objects:  45% (617/1370)
2025-03-01T11:45:16.4978831Z Receiving objects:  46% (631/1370)
2025-03-01T11:45:16.4980128Z Receiving objects:  47% (644/1370)
2025-03-01T11:45:16.4985464Z Receiving objects:  48% (658/1370)
2025-03-01T11:45:16.4986431Z Receiving objects:  49% (672/1370)
2025-03-01T11:45:16.4987725Z Receiving objects:  50% (685/1370)
2025-03-01T11:45:16.4988859Z Receiving objects:  51% (699/1370)
2025-03-01T11:45:16.5024072Z Receiving objects:  52% (713/1370)
2025-03-01T11:45:16.5025280Z Receiving objects:  53% (727/1370)
2025-03-01T11:45:16.5026283Z Receiving objects:  54% (740/1370)
2025-03-01T11:45:16.5027167Z Receiving objects:  55% (754/1370)
2025-03-01T11:45:16.5045753Z Receiving objects:  56% (768/1370)
2025-03-01T11:45:16.5052558Z Receiving objects:  57% (781/1370)
2025-03-01T11:45:16.5071614Z Receiving objects:  58% (795/1370)
2025-03-01T11:45:16.5096202Z Receiving objects:  59% (809/1370)
2025-03-01T11:45:16.5102495Z Receiving objects:  60% (822/1370)
2025-03-01T11:45:16.5108947Z Receiving objects:  61% (836/1370)
2025-03-01T11:45:16.5150420Z Receiving objects:  62% (850/1370)
2025-03-01T11:45:16.5208165Z Receiving objects:  63% (864/1370)
2025-03-01T11:45:16.5214549Z Receiving objects:  64% (877/1370)
2025-03-01T11:45:16.5221103Z Receiving objects:  65% (891/1370)
2025-03-01T11:45:16.5227163Z Receiving objects:  66% (905/1370)
2025-03-01T11:45:16.5233384Z Receiving objects:  67% (918/1370)
2025-03-01T11:45:16.5260208Z Receiving objects:  68% (932/1370)
2025-03-01T11:45:16.5265975Z Receiving objects:  69% (946/1370)
2025-03-01T11:45:16.5272209Z Receiving objects:  70% (959/1370)
2025-03-01T11:45:16.5286032Z Receiving objects:  71% (973/1370)
2025-03-01T11:45:16.5313778Z Receiving objects:  72% (987/1370)
2025-03-01T11:45:16.5321231Z Receiving objects:  73% (1001/1370)
2025-03-01T11:45:16.5322576Z Receiving objects:  74% (1014/1370)
2025-03-01T11:45:16.5344556Z Receiving objects:  75% (1028/1370)
2025-03-01T11:45:16.5346559Z Receiving objects:  76% (1042/1370)
2025-03-01T11:45:16.5369139Z Receiving objects:  77% (1055/1370)
2025-03-01T11:45:16.5373270Z Receiving objects:  78% (1069/1370)
2025-03-01T11:45:16.5374850Z Receiving objects:  79% (1083/1370)
2025-03-01T11:45:16.5379329Z Receiving objects:  80% (1096/1370)
2025-03-01T11:45:16.5383005Z Receiving objects:  81% (1110/1370)
2025-03-01T11:45:16.5397279Z Receiving objects:  82% (1124/1370)
2025-03-01T11:45:16.5402329Z Receiving objects:  83% (1138/1370)
2025-03-01T11:45:16.5425828Z Receiving objects:  84% (1151/1370)
2025-03-01T11:45:16.5429396Z Receiving objects:  85% (1165/1370)
2025-03-01T11:45:16.5435327Z Receiving objects:  86% (1179/1370)
2025-03-01T11:45:16.5453053Z Receiving objects:  87% (1192/1370)
2025-03-01T11:45:16.5482675Z Receiving objects:  88% (1206/1370)
2025-03-01T11:45:16.5540310Z Receiving objects:  89% (1220/1370)
2025-03-01T11:45:16.5542928Z Receiving objects:  90% (1233/1370)
2025-03-01T11:45:16.5544248Z Receiving objects:  91% (1247/1370)
2025-03-01T11:45:16.5545325Z Receiving objects:  92% (1261/1370)
2025-03-01T11:45:16.5553343Z Receiving objects:  93% (1275/1370)
2025-03-01T11:45:16.5555872Z remote: Total 1370 (delta 684), reused 1337 (delta 651), pack-reused 0 (from 0)        
2025-03-01T11:45:16.5557196Z Receiving objects:  94% (1288/1370)
2025-03-01T11:45:16.5558027Z Receiving objects:  95% (1302/1370)
2025-03-01T11:45:16.5558859Z Receiving objects:  96% (1316/1370)
2025-03-01T11:45:16.5560121Z Receiving objects:  97% (1329/1370)
2025-03-01T11:45:16.5560990Z Receiving objects:  98% (1343/1370)
2025-03-01T11:45:16.5561875Z Receiving objects:  99% (1357/1370)
2025-03-01T11:45:16.5562738Z Receiving objects: 100% (1370/1370)
2025-03-01T11:45:16.5563800Z Receiving objects: 100% (1370/1370), 1.01 MiB | 11.01 MiB/s, done.
2025-03-01T11:45:16.5565106Z Resolving deltas:   0% (0/684)
2025-03-01T11:45:16.5565935Z Resolving deltas:   1% (7/684)
2025-03-01T11:45:16.5566743Z Resolving deltas:   2% (14/684)
2025-03-01T11:45:16.5571098Z Resolving deltas:   3% (21/684)
2025-03-01T11:45:16.5572211Z Resolving deltas:   4% (28/684)
2025-03-01T11:45:16.5574644Z Resolving deltas:   5% (35/684)
2025-03-01T11:45:16.5575621Z Resolving deltas:   6% (42/684)
2025-03-01T11:45:16.5576319Z Resolving deltas:   7% (48/684)
2025-03-01T11:45:16.5583507Z Resolving deltas:   8% (55/684)
2025-03-01T11:45:16.5585906Z Resolving deltas:   9% (62/684)
2025-03-01T11:45:16.5586816Z Resolving deltas:  10% (69/684)
2025-03-01T11:45:16.5587752Z Resolving deltas:  11% (76/684)
2025-03-01T11:45:16.5589037Z Resolving deltas:  12% (83/684)
2025-03-01T11:45:16.5589897Z Resolving deltas:  13% (89/684)
2025-03-01T11:45:16.5590738Z Resolving deltas:  14% (96/684)
2025-03-01T11:45:16.5591581Z Resolving deltas:  15% (103/684)
2025-03-01T11:45:16.5592566Z Resolving deltas:  16% (110/684)
2025-03-01T11:45:16.5593362Z Resolving deltas:  17% (117/684)
2025-03-01T11:45:16.5594140Z Resolving deltas:  18% (124/684)
2025-03-01T11:45:16.5595115Z Resolving deltas:  19% (130/684)
2025-03-01T11:45:16.5595942Z Resolving deltas:  20% (137/684)
2025-03-01T11:45:16.5596730Z Resolving deltas:  21% (144/684)
2025-03-01T11:45:16.5599780Z Resolving deltas:  22% (151/684)
2025-03-01T11:45:16.5601106Z Resolving deltas:  23% (158/684)
2025-03-01T11:45:16.5601914Z Resolving deltas:  24% (165/684)
2025-03-01T11:45:16.5602689Z Resolving deltas:  25% (171/684)
2025-03-01T11:45:16.5603467Z Resolving deltas:  26% (179/684)
2025-03-01T11:45:16.5604248Z Resolving deltas:  27% (185/684)
2025-03-01T11:45:16.5605270Z Resolving deltas:  28% (192/684)
2025-03-01T11:45:16.5606063Z Resolving deltas:  29% (199/684)
2025-03-01T11:45:16.5607827Z Resolving deltas:  30% (206/684)
2025-03-01T11:45:16.5608764Z Resolving deltas:  31% (213/684)
2025-03-01T11:45:16.5609703Z Resolving deltas:  32% (219/684)
2025-03-01T11:45:16.5611187Z Resolving deltas:  33% (226/684)
2025-03-01T11:45:16.5612186Z Resolving deltas:  34% (233/684)
2025-03-01T11:45:16.5613059Z Resolving deltas:  35% (240/684)
2025-03-01T11:45:16.5614267Z Resolving deltas:  36% (247/684)
2025-03-01T11:45:16.5615995Z Resolving deltas:  37% (254/684)
2025-03-01T11:45:16.5617902Z Resolving deltas:  38% (260/684)
2025-03-01T11:45:16.5618734Z Resolving deltas:  39% (267/684)
2025-03-01T11:45:16.5619572Z Resolving deltas:  40% (274/684)
2025-03-01T11:45:16.5620354Z Resolving deltas:  41% (281/684)
2025-03-01T11:45:16.5621145Z Resolving deltas:  42% (288/684)
2025-03-01T11:45:16.5621936Z Resolving deltas:  43% (295/684)
2025-03-01T11:45:16.5622732Z Resolving deltas:  44% (301/684)
2025-03-01T11:45:16.5623517Z Resolving deltas:  45% (308/684)
2025-03-01T11:45:16.5625878Z Resolving deltas:  46% (315/684)
2025-03-01T11:45:16.5626951Z Resolving deltas:  47% (322/684)
2025-03-01T11:45:16.5627837Z Resolving deltas:  48% (329/684)
2025-03-01T11:45:16.5628621Z Resolving deltas:  49% (336/684)
2025-03-01T11:45:16.5629410Z Resolving deltas:  50% (342/684)
2025-03-01T11:45:16.5630193Z Resolving deltas:  51% (349/684)
2025-03-01T11:45:16.5631188Z Resolving deltas:  52% (356/684)
2025-03-01T11:45:16.5633712Z Resolving deltas:  53% (363/684)
2025-03-01T11:45:16.5634658Z Resolving deltas:  54% (370/684)
2025-03-01T11:45:16.5635755Z Resolving deltas:  55% (377/684)
2025-03-01T11:45:16.5636583Z Resolving deltas:  56% (384/684)
2025-03-01T11:45:16.5637369Z Resolving deltas:  57% (391/684)
2025-03-01T11:45:16.5638176Z Resolving deltas:  58% (397/684)
2025-03-01T11:45:16.5639873Z Resolving deltas:  59% (404/684)
2025-03-01T11:45:16.5640690Z Resolving deltas:  60% (411/684)
2025-03-01T11:45:16.5641741Z Resolving deltas:  61% (418/684)
2025-03-01T11:45:16.5642539Z Resolving deltas:  62% (425/684)
2025-03-01T11:45:16.5643368Z Resolving deltas:  63% (431/684)
2025-03-01T11:45:16.5644169Z Resolving deltas:  64% (438/684)
2025-03-01T11:45:16.5645283Z Resolving deltas:  65% (445/684)
2025-03-01T11:45:16.5647794Z Resolving deltas:  66% (452/684)
2025-03-01T11:45:16.5648668Z Resolving deltas:  67% (459/684)
2025-03-01T11:45:16.5651346Z Resolving deltas:  68% (466/684)
2025-03-01T11:45:16.5652282Z Resolving deltas:  69% (472/684)
2025-03-01T11:45:16.5653117Z Resolving deltas:  70% (479/684)
2025-03-01T11:45:16.5653937Z Resolving deltas:  71% (486/684)
2025-03-01T11:45:16.5654749Z Resolving deltas:  72% (493/684)
2025-03-01T11:45:16.5655747Z Resolving deltas:  73% (500/684)
2025-03-01T11:45:16.5656550Z Resolving deltas:  74% (507/684)
2025-03-01T11:45:16.5657363Z Resolving deltas:  75% (513/684)
2025-03-01T11:45:16.5658128Z Resolving deltas:  76% (521/684)
2025-03-01T11:45:16.5658902Z Resolving deltas:  77% (527/684)
2025-03-01T11:45:16.5659842Z Resolving deltas:  78% (534/684)
2025-03-01T11:45:16.5660656Z Resolving deltas:  79% (541/684)
2025-03-01T11:45:16.5661438Z Resolving deltas:  80% (548/684)
2025-03-01T11:45:16.5662357Z Resolving deltas:  81% (555/684)
2025-03-01T11:45:16.5663152Z Resolving deltas:  82% (562/684)
2025-03-01T11:45:16.5663918Z Resolving deltas:  83% (568/684)
2025-03-01T11:45:16.5664695Z Resolving deltas:  84% (575/684)
2025-03-01T11:45:16.5665671Z Resolving deltas:  85% (582/684)
2025-03-01T11:45:16.5666492Z Resolving deltas:  86% (589/684)
2025-03-01T11:45:16.5667269Z Resolving deltas:  87% (596/684)
2025-03-01T11:45:16.5668316Z Resolving deltas:  88% (602/684)
2025-03-01T11:45:16.5669373Z Resolving deltas:  89% (609/684)
2025-03-01T11:45:16.5670168Z Resolving deltas:  90% (616/684)
2025-03-01T11:45:16.5670962Z Resolving deltas:  91% (623/684)
2025-03-01T11:45:16.5672121Z Resolving deltas:  92% (630/684)
2025-03-01T11:45:16.5674477Z Resolving deltas:  93% (637/684)
2025-03-01T11:45:16.5678938Z Resolving deltas:  94% (644/684)
2025-03-01T11:45:16.5680934Z Resolving deltas:  95% (650/684)
2025-03-01T11:45:16.5683999Z Resolving deltas:  96% (657/684)
2025-03-01T11:45:16.5685042Z Resolving deltas:  97% (664/684)
2025-03-01T11:45:16.5686134Z Resolving deltas:  98% (671/684)
2025-03-01T11:45:16.5687748Z Resolving deltas:  99% (678/684)
2025-03-01T11:45:16.5688268Z Resolving deltas: 100% (684/684)
2025-03-01T11:45:16.5688767Z Resolving deltas: 100% (684/684), done.
2025-03-01T11:45:16.5817031Z From https://github.com/goetsch-io/goetsch-site
2025-03-01T11:45:16.5818460Z  * [new branch]      main       -> origin/main
2025-03-01T11:45:16.5854344Z [command]/usr/bin/git branch --list --remote origin/main
2025-03-01T11:45:16.5877538Z   origin/main
2025-03-01T11:45:16.5887272Z [command]/usr/bin/git rev-parse refs/remotes/origin/main
2025-03-01T11:45:16.5907590Z b1142091ac53dfcbe0b20befcbac4b4c8083acac
2025-03-01T11:45:16.5915664Z ##[endgroup]
2025-03-01T11:45:16.5917089Z ##[group]Determining the checkout info
2025-03-01T11:45:16.5918517Z ##[endgroup]
2025-03-01T11:45:16.5919727Z ##[group]Checking out the ref
2025-03-01T11:45:16.5921257Z [command]/usr/bin/git checkout --progress --force -B main refs/remotes/origin/main
2025-03-01T11:45:16.6542329Z Switched to a new branch 'main'
2025-03-01T11:45:16.6544238Z branch 'main' set up to track 'origin/main'.
2025-03-01T11:45:16.6552556Z ##[endgroup]
2025-03-01T11:45:16.6553680Z ##[group]Setting up auth for fetching submodules
2025-03-01T11:45:16.6557739Z [command]/usr/bin/git config --global http.https://github.com/.extraheader AUTHORIZATION: basic ***
2025-03-01T11:45:16.6593991Z [command]/usr/bin/git config --global --unset-all url.https://github.com/.insteadOf
2025-03-01T11:45:16.6620639Z [command]/usr/bin/git config --global --add url.https://github.com/.insteadOf git@github.com:
2025-03-01T11:45:16.6650382Z [command]/usr/bin/git config --global --add url.https://github.com/.insteadOf org-151905053@github.com:
2025-03-01T11:45:16.6676577Z ##[endgroup]
2025-03-01T11:45:16.6678733Z ##[group]Fetching submodules
2025-03-01T11:45:16.6680302Z [command]/usr/bin/git submodule sync
2025-03-01T11:45:16.6909728Z [command]/usr/bin/git -c protocol.version=2 submodule update --init --force
2025-03-01T11:45:16.7136733Z [command]/usr/bin/git submodule foreach git config --local gc.auto 0
2025-03-01T11:45:16.7361983Z ##[endgroup]
2025-03-01T11:45:16.7364152Z ##[group]Persisting credentials for submodules
2025-03-01T11:45:16.7367399Z [command]/usr/bin/git submodule foreach --recursive sh -c "git config --local --name-only --get-regexp 'url\.https\:\/\/github\.com\/\.insteadOf' && git config --local --unset-all 'url.https://github.com/.insteadOf' || :"
2025-03-01T11:45:16.7593422Z [command]/usr/bin/git submodule foreach sh -c "git config --local 'http.https://github.com/.extraheader' 'AUTHORIZATION: basic ***' && git config --local --show-origin --name-only --get-regexp remote.origin.url"
2025-03-01T11:45:16.7815717Z [command]/usr/bin/git submodule foreach git config --local --add 'url.https://github.com/.insteadOf' 'git@github.com:'
2025-03-01T11:45:16.8039338Z [command]/usr/bin/git submodule foreach git config --local --add 'url.https://github.com/.insteadOf' 'org-151905053@github.com:'
2025-03-01T11:45:16.8264761Z ##[endgroup]
2025-03-01T11:45:16.8295986Z [command]/usr/bin/git log -1 --format='%H'
2025-03-01T11:45:16.8317295Z 'b1142091ac53dfcbe0b20befcbac4b4c8083acac'
2025-03-01T11:45:16.8539405Z ##[group]Run peaceiris/actions-hugo@v2
2025-03-01T11:45:16.8540619Z with:
2025-03-01T11:45:16.8541468Z   hugo-version: 0.145.0
2025-03-01T11:45:16.8542441Z   extended: true
2025-03-01T11:45:16.8543335Z ##[endgroup]
2025-03-01T11:45:16.8968260Z Hugo version: 0.145.0
2025-03-01T11:45:17.2350991Z [command]/usr/bin/tar xz --warning=no-unknown-keyword --overwrite -C /home/runner/actions_hugo/_temp -f /home/runner/work/_temp/7ddc3fcb-f811-43f9-bcdc-bf09a75cbe27
2025-03-01T11:45:17.5667101Z [command]/home/runner/actions_hugo/bin/hugo version
2025-03-01T11:45:17.5975827Z hugo v0.145.0-666444f0a52132f9fec9f71cf25b441cc6a4f355+extended linux/amd64 BuildDate=2025-02-26T15:41:25Z VendorInfo=gohugoio
2025-03-01T11:45:17.6139455Z ##[group]Run actions/setup-node@v3
2025-03-01T11:45:17.6139761Z with:
2025-03-01T11:45:17.6139945Z   node-version: 18
2025-03-01T11:45:17.6140148Z   cache: npm
2025-03-01T11:45:17.6140337Z   always-auth: false
2025-03-01T11:45:17.6140547Z   check-latest: false
2025-03-01T11:45:17.6140876Z   token: ***
2025-03-01T11:45:17.6141067Z ##[endgroup]
2025-03-01T11:45:17.7918078Z Found in cache @ /opt/hostedtoolcache/node/18.20.7/x64
2025-03-01T11:45:17.7924159Z ##[group]Environment details
2025-03-01T11:45:18.1221610Z node: v18.20.7
2025-03-01T11:45:18.1222217Z npm: 10.8.2
2025-03-01T11:45:18.1222467Z yarn: 1.22.22
2025-03-01T11:45:18.1222947Z ##[endgroup]
2025-03-01T11:45:18.1234047Z [command]/opt/hostedtoolcache/node/18.20.7/x64/bin/npm config get cache
2025-03-01T11:45:18.2503463Z /home/runner/.npm
2025-03-01T11:45:18.6209846Z Cache Size: ~14 MB (15058077 B)
2025-03-01T11:45:18.6243087Z [command]/usr/bin/tar -xf /home/runner/work/_temp/c992e4ed-54c1-431d-8bf0-ba5c33f01548/cache.tzst -P -C /home/runner/work/goetsch-site/goetsch-site --use-compress-program unzstd
2025-03-01T11:45:18.6884266Z Cache restored successfully
2025-03-01T11:45:18.6933909Z Cache restored from key: node-cache-Linux-npm-4926e985fa124af5a5ebd53c5a895771d37d81c2459e0d6ea5b943baa111bcce
2025-03-01T11:45:19.4176114Z Received 15058077 of 15058077 (100.0%), 14.3 MBs/sec
2025-03-01T11:45:19.4342591Z ##[group]Run npm ci
2025-03-01T11:45:19.4342871Z [36;1mnpm ci[0m
2025-03-01T11:45:19.4394354Z shell: /usr/bin/bash -e {0}
2025-03-01T11:45:19.4394617Z ##[endgroup]
2025-03-01T11:45:20.5161613Z npm warn deprecated inflight@1.0.6: This module is not supported, and leaks memory. Do not use it. Check out lru-cache if you want a good and tested way to coalesce async requests by a key value, which is much more comprehensive and powerful.
2025-03-01T11:45:20.5593096Z npm warn deprecated glob@7.2.3: Glob versions prior to v9 are no longer supported
2025-03-01T11:45:21.0922075Z 
2025-03-01T11:45:21.0922940Z added 147 packages, and audited 148 packages in 2s
2025-03-01T11:45:21.0923438Z 
2025-03-01T11:45:21.0923735Z 33 packages are looking for funding
2025-03-01T11:45:21.0924277Z   run `npm fund` for details
2025-03-01T11:45:21.0933691Z 
2025-03-01T11:45:21.0934164Z found 0 vulnerabilities
2025-03-01T11:45:21.1113980Z ##[group]Run npm run build
2025-03-01T11:45:21.1114279Z [36;1mnpm run build[0m
2025-03-01T11:45:21.1163459Z shell: /usr/bin/bash -e {0}
2025-03-01T11:45:21.1163717Z ##[endgroup]
2025-03-01T11:45:21.2411841Z 
2025-03-01T11:45:21.2412310Z > goetsch-site@1.0.0 build
2025-03-01T11:45:21.2412788Z > ./build.sh
2025-03-01T11:45:21.2412919Z 
2025-03-01T11:45:21.2472947Z Installing dependencies...
2025-03-01T11:45:22.2843141Z npm warn deprecated inflight@1.0.6: This module is not supported, and leaks memory. Do not use it. Check out lru-cache if you want a good and tested way to coalesce async requests by a key value, which is much more comprehensive and powerful.
2025-03-01T11:45:22.3335872Z npm warn deprecated glob@7.2.3: Glob versions prior to v9 are no longer supported
2025-03-01T11:45:22.8536206Z 
2025-03-01T11:45:22.8536992Z added 147 packages, and audited 148 packages in 2s
2025-03-01T11:45:22.8537408Z 
2025-03-01T11:45:22.8537654Z 33 packages are looking for funding
2025-03-01T11:45:22.8538188Z   run `npm fund` for details
2025-03-01T11:45:22.8549932Z 
2025-03-01T11:45:22.8550604Z found 0 vulnerabilities
2025-03-01T11:45:22.8755984Z Building Tailwind CSS...
2025-03-01T11:45:27.4934139Z 
2025-03-01T11:45:27.4939066Z Done in 3762ms.
2025-03-01T11:45:27.5309433Z Building Hugo site...
2025-03-01T11:45:27.5583217Z Start building sites … 
2025-03-01T11:45:27.5584219Z hugo v0.145.0-666444f0a52132f9fec9f71cf25b441cc6a4f355+extended linux/amd64 BuildDate=2025-02-26T15:41:25Z VendorInfo=gohugoio
2025-03-01T11:45:27.5585071Z 
2025-03-01T11:45:27.5781385Z 
2025-03-01T11:45:27.5781746Z                    | EN  
2025-03-01T11:45:27.5782305Z -------------------+-----
2025-03-01T11:45:27.5782767Z   Pages            | 15  
2025-03-01T11:45:27.5783141Z   Paginator pages  |  0  
2025-03-01T11:45:27.5783477Z   Non-page files   |  0  
2025-03-01T11:45:27.5783841Z   Static files     |  2  
2025-03-01T11:45:27.5784187Z   Processed images |  0  
2025-03-01T11:45:27.5784537Z   Aliases          |  0  
2025-03-01T11:45:27.5785082Z   Cleaned          |  0  
2025-03-01T11:45:27.5785307Z 
2025-03-01T11:45:27.5785462Z Total in 22 ms
2025-03-01T11:45:27.5805742Z Build completed successfully!
2025-03-01T11:45:27.5899213Z ##[group]Run npm audit --production
2025-03-01T11:45:27.5899537Z [36;1mnpm audit --production[0m
2025-03-01T11:45:27.5946393Z shell: /usr/bin/bash -e {0}
2025-03-01T11:45:27.5946635Z ##[endgroup]
2025-03-01T11:45:27.6963438Z npm warn config production Use `--omit=dev` instead.
2025-03-01T11:45:28.1536927Z found 0 vulnerabilities
2025-03-01T11:45:28.1640325Z ##[group]Run echo "Checking for broken links in the built site..."
2025-03-01T11:45:28.1641131Z [36;1mecho "Checking for broken links in the built site..."[0m
2025-03-01T11:45:28.1641830Z [36;1m# You can use a tool like linkinator or htmlproofer here[0m
2025-03-01T11:45:28.1642718Z [36;1m# For example: npx linkinator ./public --recurse --skip "^(?!http://localhost)"[0m
2025-03-01T11:45:28.1691540Z shell: /usr/bin/bash -e {0}
2025-03-01T11:45:28.1691804Z ##[endgroup]
2025-03-01T11:45:28.1758687Z Checking for broken links in the built site...
2025-03-01T11:45:28.1847494Z Post job cleanup.
2025-03-01T11:45:28.3291869Z Cache hit occurred on the primary key node-cache-Linux-npm-4926e985fa124af5a5ebd53c5a895771d37d81c2459e0d6ea5b943baa111bcce, not saving cache.
2025-03-01T11:45:28.3402823Z Post job cleanup.
2025-03-01T11:45:28.4110187Z [command]/usr/bin/git version
2025-03-01T11:45:28.4147066Z git version 2.48.1
2025-03-01T11:45:28.4188870Z Temporarily overriding HOME='/home/runner/work/_temp/8f66c9dc-b43b-4990-a6f4-425ee3b232e7' before making global git config changes
2025-03-01T11:45:28.4190635Z Adding repository directory to the temporary git global config as a safe directory
2025-03-01T11:45:28.4192400Z [command]/usr/bin/git config --global --add safe.directory /home/runner/work/goetsch-site/goetsch-site
2025-03-01T11:45:28.4222821Z [command]/usr/bin/git config --local --name-only --get-regexp core\.sshCommand
2025-03-01T11:45:28.4251411Z [command]/usr/bin/git submodule foreach --recursive sh -c "git config --local --name-only --get-regexp 'core\.sshCommand' && git config --local --unset-all 'core.sshCommand' || :"
2025-03-01T11:45:28.4481607Z [command]/usr/bin/git config --local --name-only --get-regexp http\.https\:\/\/github\.com\/\.extraheader
2025-03-01T11:45:28.4501201Z http.https://github.com/.extraheader
2025-03-01T11:45:28.4513084Z [command]/usr/bin/git config --local --unset-all http.https://github.com/.extraheader
2025-03-01T11:45:28.4542836Z [command]/usr/bin/git submodule foreach --recursive sh -c "git config --local --name-only --get-regexp 'http\.https\:\/\/github\.com\/\.extraheader' && git config --local --unset-all 'http.https://github.com/.extraheader' || :"
2025-03-01T11:45:28.4867704Z Cleaning up orphan processes
